Archive member included to satisfy reference by file (symbol)

c:/st/stm32cubeide_1.12.1/stm32cubeide/plugins/com.st.stm32cube.ide.mcu.externaltools.gnu-tools-for-stm32.10.3-2021.10.win32_1.0.200.202301161003/tools/bin/../lib/gcc/arm-none-eabi/10.3.1/../../../../arm-none-eabi/lib/thumb/v7-m/nofp\libc_nano.a(lib_a-errno.o)
                              ./Src/syscalls.o (__errno)
c:/st/stm32cubeide_1.12.1/stm32cubeide/plugins/com.st.stm32cube.ide.mcu.externaltools.gnu-tools-for-stm32.10.3-2021.10.win32_1.0.200.202301161003/tools/bin/../lib/gcc/arm-none-eabi/10.3.1/../../../../arm-none-eabi/lib/thumb/v7-m/nofp\libc_nano.a(lib_a-exit.o)
                              c:/st/stm32cubeide_1.12.1/stm32cubeide/plugins/com.st.stm32cube.ide.mcu.externaltools.gnu-tools-for-stm32.10.3-2021.10.win32_1.0.200.202301161003/tools/bin/../lib/gcc/arm-none-eabi/10.3.1/../../../../arm-none-eabi/lib/thumb/v7-m/nofp/crt0.o (exit)
c:/st/stm32cubeide_1.12.1/stm32cubeide/plugins/com.st.stm32cube.ide.mcu.externaltools.gnu-tools-for-stm32.10.3-2021.10.win32_1.0.200.202301161003/tools/bin/../lib/gcc/arm-none-eabi/10.3.1/../../../../arm-none-eabi/lib/thumb/v7-m/nofp\libc_nano.a(lib_a-impure.o)
                              c:/st/stm32cubeide_1.12.1/stm32cubeide/plugins/com.st.stm32cube.ide.mcu.externaltools.gnu-tools-for-stm32.10.3-2021.10.win32_1.0.200.202301161003/tools/bin/../lib/gcc/arm-none-eabi/10.3.1/../../../../arm-none-eabi/lib/thumb/v7-m/nofp\libc_nano.a(lib_a-exit.o) (_global_impure_ptr)
c:/st/stm32cubeide_1.12.1/stm32cubeide/plugins/com.st.stm32cube.ide.mcu.externaltools.gnu-tools-for-stm32.10.3-2021.10.win32_1.0.200.202301161003/tools/bin/../lib/gcc/arm-none-eabi/10.3.1/../../../../arm-none-eabi/lib/thumb/v7-m/nofp\libc_nano.a(lib_a-init.o)
                              c:/st/stm32cubeide_1.12.1/stm32cubeide/plugins/com.st.stm32cube.ide.mcu.externaltools.gnu-tools-for-stm32.10.3-2021.10.win32_1.0.200.202301161003/tools/bin/../lib/gcc/arm-none-eabi/10.3.1/../../../../arm-none-eabi/lib/thumb/v7-m/nofp/crt0.o (__libc_init_array)
c:/st/stm32cubeide_1.12.1/stm32cubeide/plugins/com.st.stm32cube.ide.mcu.externaltools.gnu-tools-for-stm32.10.3-2021.10.win32_1.0.200.202301161003/tools/bin/../lib/gcc/arm-none-eabi/10.3.1/../../../../arm-none-eabi/lib/thumb/v7-m/nofp\libc_nano.a(lib_a-memcpy-stub.o)
                              ./Driver/Src/SEGGER_RTT.o (memcpy)
c:/st/stm32cubeide_1.12.1/stm32cubeide/plugins/com.st.stm32cube.ide.mcu.externaltools.gnu-tools-for-stm32.10.3-2021.10.win32_1.0.200.202301161003/tools/bin/../lib/gcc/arm-none-eabi/10.3.1/../../../../arm-none-eabi/lib/thumb/v7-m/nofp\libc_nano.a(lib_a-memset.o)
                              c:/st/stm32cubeide_1.12.1/stm32cubeide/plugins/com.st.stm32cube.ide.mcu.externaltools.gnu-tools-for-stm32.10.3-2021.10.win32_1.0.200.202301161003/tools/bin/../lib/gcc/arm-none-eabi/10.3.1/../../../../arm-none-eabi/lib/thumb/v7-m/nofp/crt0.o (memset)
c:/st/stm32cubeide_1.12.1/stm32cubeide/plugins/com.st.stm32cube.ide.mcu.externaltools.gnu-tools-for-stm32.10.3-2021.10.win32_1.0.200.202301161003/tools/bin/../lib/gcc/arm-none-eabi/10.3.1/../../../../arm-none-eabi/lib/thumb/v7-m/nofp\libc_nano.a(lib_a-strlen.o)
                              ./Driver/Src/SEGGER_RTT.o (strlen)

Discarded input sections

 .text          0x0000000000000000        0x0 c:/st/stm32cubeide_1.12.1/stm32cubeide/plugins/com.st.stm32cube.ide.mcu.externaltools.gnu-tools-for-stm32.10.3-2021.10.win32_1.0.200.202301161003/tools/bin/../lib/gcc/arm-none-eabi/10.3.1/thumb/v7-m/nofp/crti.o
 .data          0x0000000000000000        0x0 c:/st/stm32cubeide_1.12.1/stm32cubeide/plugins/com.st.stm32cube.ide.mcu.externaltools.gnu-tools-for-stm32.10.3-2021.10.win32_1.0.200.202301161003/tools/bin/../lib/gcc/arm-none-eabi/10.3.1/thumb/v7-m/nofp/crti.o
 .bss           0x0000000000000000        0x0 c:/st/stm32cubeide_1.12.1/stm32cubeide/plugins/com.st.stm32cube.ide.mcu.externaltools.gnu-tools-for-stm32.10.3-2021.10.win32_1.0.200.202301161003/tools/bin/../lib/gcc/arm-none-eabi/10.3.1/thumb/v7-m/nofp/crti.o
 .data          0x0000000000000000        0x4 c:/st/stm32cubeide_1.12.1/stm32cubeide/plugins/com.st.stm32cube.ide.mcu.externaltools.gnu-tools-for-stm32.10.3-2021.10.win32_1.0.200.202301161003/tools/bin/../lib/gcc/arm-none-eabi/10.3.1/thumb/v7-m/nofp/crtbegin.o
 .rodata        0x0000000000000000       0x24 c:/st/stm32cubeide_1.12.1/stm32cubeide/plugins/com.st.stm32cube.ide.mcu.externaltools.gnu-tools-for-stm32.10.3-2021.10.win32_1.0.200.202301161003/tools/bin/../lib/gcc/arm-none-eabi/10.3.1/thumb/v7-m/nofp/crtbegin.o
 .text          0x0000000000000000       0x7c c:/st/stm32cubeide_1.12.1/stm32cubeide/plugins/com.st.stm32cube.ide.mcu.externaltools.gnu-tools-for-stm32.10.3-2021.10.win32_1.0.200.202301161003/tools/bin/../lib/gcc/arm-none-eabi/10.3.1/../../../../arm-none-eabi/lib/thumb/v7-m/nofp/crt0.o
 .data          0x0000000000000000        0x0 c:/st/stm32cubeide_1.12.1/stm32cubeide/plugins/com.st.stm32cube.ide.mcu.externaltools.gnu-tools-for-stm32.10.3-2021.10.win32_1.0.200.202301161003/tools/bin/../lib/gcc/arm-none-eabi/10.3.1/../../../../arm-none-eabi/lib/thumb/v7-m/nofp/crt0.o
 .bss           0x0000000000000000        0x0 c:/st/stm32cubeide_1.12.1/stm32cubeide/plugins/com.st.stm32cube.ide.mcu.externaltools.gnu-tools-for-stm32.10.3-2021.10.win32_1.0.200.202301161003/tools/bin/../lib/gcc/arm-none-eabi/10.3.1/../../../../arm-none-eabi/lib/thumb/v7-m/nofp/crt0.o
 .ARM.extab     0x0000000000000000        0x0 c:/st/stm32cubeide_1.12.1/stm32cubeide/plugins/com.st.stm32cube.ide.mcu.externaltools.gnu-tools-for-stm32.10.3-2021.10.win32_1.0.200.202301161003/tools/bin/../lib/gcc/arm-none-eabi/10.3.1/../../../../arm-none-eabi/lib/thumb/v7-m/nofp/crt0.o
 .ARM.exidx     0x0000000000000000       0x10 c:/st/stm32cubeide_1.12.1/stm32cubeide/plugins/com.st.stm32cube.ide.mcu.externaltools.gnu-tools-for-stm32.10.3-2021.10.win32_1.0.200.202301161003/tools/bin/../lib/gcc/arm-none-eabi/10.3.1/../../../../arm-none-eabi/lib/thumb/v7-m/nofp/crt0.o
 .ARM.attributes
                0x0000000000000000       0x1b c:/st/stm32cubeide_1.12.1/stm32cubeide/plugins/com.st.stm32cube.ide.mcu.externaltools.gnu-tools-for-stm32.10.3-2021.10.win32_1.0.200.202301161003/tools/bin/../lib/gcc/arm-none-eabi/10.3.1/../../../../arm-none-eabi/lib/thumb/v7-m/nofp/crt0.o
 .group         0x0000000000000000        0xc ./Driver/Src/SEGGER_RTT.o
 .group         0x0000000000000000        0xc ./Driver/Src/SEGGER_RTT.o
 .group         0x0000000000000000        0xc ./Driver/Src/SEGGER_RTT.o
 .group         0x0000000000000000        0xc ./Driver/Src/SEGGER_RTT.o
 .group         0x0000000000000000        0xc ./Driver/Src/SEGGER_RTT.o
 .group         0x0000000000000000        0xc ./Driver/Src/SEGGER_RTT.o
 .group         0x0000000000000000        0xc ./Driver/Src/SEGGER_RTT.o
 .group         0x0000000000000000        0xc ./Driver/Src/SEGGER_RTT.o
 .group         0x0000000000000000        0xc ./Driver/Src/SEGGER_RTT.o
 .group         0x0000000000000000        0xc ./Driver/Src/SEGGER_RTT.o
 .group         0x0000000000000000        0xc ./Driver/Src/SEGGER_RTT.o
 .group         0x0000000000000000        0xc ./Driver/Src/SEGGER_RTT.o
 .group         0x0000000000000000        0xc ./Driver/Src/SEGGER_RTT.o
 .group         0x0000000000000000        0xc ./Driver/Src/SEGGER_RTT.o
 .group         0x0000000000000000        0xc ./Driver/Src/SEGGER_RTT.o
 .group         0x0000000000000000        0xc ./Driver/Src/SEGGER_RTT.o
 .group         0x0000000000000000        0xc ./Driver/Src/SEGGER_RTT.o
 .group         0x0000000000000000        0xc ./Driver/Src/SEGGER_RTT.o
 .group         0x0000000000000000        0xc ./Driver/Src/SEGGER_RTT.o
 .group         0x0000000000000000        0xc ./Driver/Src/SEGGER_RTT.o
 .group         0x0000000000000000        0xc ./Driver/Src/SEGGER_RTT.o
 .group         0x0000000000000000        0xc ./Driver/Src/SEGGER_RTT.o
 .group         0x0000000000000000        0xc ./Driver/Src/SEGGER_RTT.o
 .group         0x0000000000000000        0xc ./Driver/Src/SEGGER_RTT.o
 .group         0x0000000000000000        0xc ./Driver/Src/SEGGER_RTT.o
 .group         0x0000000000000000        0xc ./Driver/Src/SEGGER_RTT.o
 .group         0x0000000000000000        0xc ./Driver/Src/SEGGER_RTT.o
 .group         0x0000000000000000        0xc ./Driver/Src/SEGGER_RTT.o
 .group         0x0000000000000000        0xc ./Driver/Src/SEGGER_RTT.o
 .text          0x0000000000000000        0x0 ./Driver/Src/SEGGER_RTT.o
 .data          0x0000000000000000        0x0 ./Driver/Src/SEGGER_RTT.o
 .bss           0x0000000000000000        0x0 ./Driver/Src/SEGGER_RTT.o
 .data._aTerminalId
                0x0000000000000000       0x10 ./Driver/Src/SEGGER_RTT.o
 .bss._ActiveTerminal
                0x0000000000000000        0x1 ./Driver/Src/SEGGER_RTT.o
 .text._PostTerminalSwitch
                0x0000000000000000       0x34 ./Driver/Src/SEGGER_RTT.o
 .text.SEGGER_RTT_ReadUpBufferNoLock
                0x0000000000000000      0x10c ./Driver/Src/SEGGER_RTT.o
 .text.SEGGER_RTT_ReadNoLock
                0x0000000000000000      0x10c ./Driver/Src/SEGGER_RTT.o
 .text.SEGGER_RTT_ReadUpBuffer
                0x0000000000000000       0x36 ./Driver/Src/SEGGER_RTT.o
 .text.SEGGER_RTT_Read
                0x0000000000000000       0x36 ./Driver/Src/SEGGER_RTT.o
 .text.SEGGER_RTT_WriteWithOverwriteNoLock
                0x0000000000000000      0x11c ./Driver/Src/SEGGER_RTT.o
 .text.SEGGER_RTT_WriteDownBufferNoLock
                0x0000000000000000       0xa0 ./Driver/Src/SEGGER_RTT.o
 .text.SEGGER_RTT_WriteDownBuffer
                0x0000000000000000       0x4c ./Driver/Src/SEGGER_RTT.o
 .text.SEGGER_RTT_WriteString
                0x0000000000000000       0x26 ./Driver/Src/SEGGER_RTT.o
 .text.SEGGER_RTT_PutCharSkipNoLock
                0x0000000000000000       0x70 ./Driver/Src/SEGGER_RTT.o
 .text.SEGGER_RTT_PutCharSkip
                0x0000000000000000       0x94 ./Driver/Src/SEGGER_RTT.o
 .text.SEGGER_RTT_PutChar
                0x0000000000000000       0xa8 ./Driver/Src/SEGGER_RTT.o
 .text.SEGGER_RTT_GetKey
                0x0000000000000000       0x32 ./Driver/Src/SEGGER_RTT.o
 .text.SEGGER_RTT_WaitKey
                0x0000000000000000       0x1c ./Driver/Src/SEGGER_RTT.o
 .text.SEGGER_RTT_HasKey
                0x0000000000000000       0x48 ./Driver/Src/SEGGER_RTT.o
 .text.SEGGER_RTT_HasData
                0x0000000000000000       0x38 ./Driver/Src/SEGGER_RTT.o
 .text.SEGGER_RTT_HasDataUp
                0x0000000000000000       0x38 ./Driver/Src/SEGGER_RTT.o
 .text.SEGGER_RTT_AllocDownBuffer
                0x0000000000000000      0x100 ./Driver/Src/SEGGER_RTT.o
 .text.SEGGER_RTT_AllocUpBuffer
                0x0000000000000000      0x104 ./Driver/Src/SEGGER_RTT.o
 .text.SEGGER_RTT_ConfigDownBuffer
                0x0000000000000000       0x94 ./Driver/Src/SEGGER_RTT.o
 .text.SEGGER_RTT_SetNameUpBuffer
                0x0000000000000000       0x6c ./Driver/Src/SEGGER_RTT.o
 .text.SEGGER_RTT_SetNameDownBuffer
                0x0000000000000000       0x6c ./Driver/Src/SEGGER_RTT.o
 .text.SEGGER_RTT_SetFlagsUpBuffer
                0x0000000000000000       0x6c ./Driver/Src/SEGGER_RTT.o
 .text.SEGGER_RTT_SetFlagsDownBuffer
                0x0000000000000000       0x6c ./Driver/Src/SEGGER_RTT.o
 .text.SEGGER_RTT_Init
                0x0000000000000000        0xc ./Driver/Src/SEGGER_RTT.o
 .text.SEGGER_RTT_SetTerminal
                0x0000000000000000       0xb8 ./Driver/Src/SEGGER_RTT.o
 .text.SEGGER_RTT_TerminalOut
                0x0000000000000000      0x128 ./Driver/Src/SEGGER_RTT.o
 .text.SEGGER_RTT_GetAvailWriteSpace
                0x0000000000000000       0x30 ./Driver/Src/SEGGER_RTT.o
 .text.SEGGER_RTT_GetBytesInBuffer
                0x0000000000000000       0x74 ./Driver/Src/SEGGER_RTT.o
 .group         0x0000000000000000        0xc ./Driver/Src/SEGGER_RTT_Syscalls_GCC.o
 .group         0x0000000000000000        0xc ./Driver/Src/SEGGER_RTT_Syscalls_GCC.o
 .group         0x0000000000000000        0xc ./Driver/Src/SEGGER_RTT_Syscalls_GCC.o
 .group         0x0000000000000000        0xc ./Driver/Src/SEGGER_RTT_Syscalls_GCC.o
 .group         0x0000000000000000        0xc ./Driver/Src/SEGGER_RTT_Syscalls_GCC.o
 .group         0x0000000000000000        0xc ./Driver/Src/SEGGER_RTT_Syscalls_GCC.o
 .group         0x0000000000000000        0xc ./Driver/Src/SEGGER_RTT_Syscalls_GCC.o
 .group         0x0000000000000000        0xc ./Driver/Src/SEGGER_RTT_Syscalls_GCC.o
 .group         0x0000000000000000        0xc ./Driver/Src/SEGGER_RTT_Syscalls_GCC.o
 .group         0x0000000000000000        0xc ./Driver/Src/SEGGER_RTT_Syscalls_GCC.o
 .group         0x0000000000000000        0xc ./Driver/Src/SEGGER_RTT_Syscalls_GCC.o
 .group         0x0000000000000000        0xc ./Driver/Src/SEGGER_RTT_Syscalls_GCC.o
 .group         0x0000000000000000        0xc ./Driver/Src/SEGGER_RTT_Syscalls_GCC.o
 .group         0x0000000000000000        0xc ./Driver/Src/SEGGER_RTT_Syscalls_GCC.o
 .group         0x0000000000000000        0xc ./Driver/Src/SEGGER_RTT_Syscalls_GCC.o
 .group         0x0000000000000000        0xc ./Driver/Src/SEGGER_RTT_Syscalls_GCC.o
 .group         0x0000000000000000        0xc ./Driver/Src/SEGGER_RTT_Syscalls_GCC.o
 .group         0x0000000000000000        0xc ./Driver/Src/SEGGER_RTT_Syscalls_GCC.o
 .group         0x0000000000000000        0xc ./Driver/Src/SEGGER_RTT_Syscalls_GCC.o
 .group         0x0000000000000000        0xc ./Driver/Src/SEGGER_RTT_Syscalls_GCC.o
 .group         0x0000000000000000        0xc ./Driver/Src/SEGGER_RTT_Syscalls_GCC.o
 .group         0x0000000000000000        0xc ./Driver/Src/SEGGER_RTT_Syscalls_GCC.o
 .group         0x0000000000000000        0xc ./Driver/Src/SEGGER_RTT_Syscalls_GCC.o
 .group         0x0000000000000000        0xc ./Driver/Src/SEGGER_RTT_Syscalls_GCC.o
 .group         0x0000000000000000        0xc ./Driver/Src/SEGGER_RTT_Syscalls_GCC.o
 .group         0x0000000000000000        0xc ./Driver/Src/SEGGER_RTT_Syscalls_GCC.o
 .group         0x0000000000000000        0xc ./Driver/Src/SEGGER_RTT_Syscalls_GCC.o
 .text          0x0000000000000000        0x0 ./Driver/Src/SEGGER_RTT_Syscalls_GCC.o
 .data          0x0000000000000000        0x0 ./Driver/Src/SEGGER_RTT_Syscalls_GCC.o
 .bss           0x0000000000000000        0x0 ./Driver/Src/SEGGER_RTT_Syscalls_GCC.o
 .text._write   0x0000000000000000       0x20 ./Driver/Src/SEGGER_RTT_Syscalls_GCC.o
 .text._write_r
                0x0000000000000000       0x22 ./Driver/Src/SEGGER_RTT_Syscalls_GCC.o
 .debug_info    0x0000000000000000      0x86d ./Driver/Src/SEGGER_RTT_Syscalls_GCC.o
 .debug_abbrev  0x0000000000000000      0x1a3 ./Driver/Src/SEGGER_RTT_Syscalls_GCC.o
 .debug_aranges
                0x0000000000000000       0x28 ./Driver/Src/SEGGER_RTT_Syscalls_GCC.o
 .debug_ranges  0x0000000000000000       0x18 ./Driver/Src/SEGGER_RTT_Syscalls_GCC.o
 .debug_macro   0x0000000000000000      0x143 ./Driver/Src/SEGGER_RTT_Syscalls_GCC.o
 .debug_macro   0x0000000000000000      0xa72 ./Driver/Src/SEGGER_RTT_Syscalls_GCC.o
 .debug_macro   0x0000000000000000       0x22 ./Driver/Src/SEGGER_RTT_Syscalls_GCC.o
 .debug_macro   0x0000000000000000       0x4c ./Driver/Src/SEGGER_RTT_Syscalls_GCC.o
 .debug_macro   0x0000000000000000       0x18 ./Driver/Src/SEGGER_RTT_Syscalls_GCC.o
 .debug_macro   0x0000000000000000       0x94 ./Driver/Src/SEGGER_RTT_Syscalls_GCC.o
 .debug_macro   0x0000000000000000       0x3c ./Driver/Src/SEGGER_RTT_Syscalls_GCC.o
 .debug_macro   0x0000000000000000       0x34 ./Driver/Src/SEGGER_RTT_Syscalls_GCC.o
 .debug_macro   0x0000000000000000      0x174 ./Driver/Src/SEGGER_RTT_Syscalls_GCC.o
 .debug_macro   0x0000000000000000       0x16 ./Driver/Src/SEGGER_RTT_Syscalls_GCC.o
 .debug_macro   0x0000000000000000       0x43 ./Driver/Src/SEGGER_RTT_Syscalls_GCC.o
 .debug_macro   0x0000000000000000       0x57 ./Driver/Src/SEGGER_RTT_Syscalls_GCC.o
 .debug_macro   0x0000000000000000       0x34 ./Driver/Src/SEGGER_RTT_Syscalls_GCC.o
 .debug_macro   0x0000000000000000       0x10 ./Driver/Src/SEGGER_RTT_Syscalls_GCC.o
 .debug_macro   0x0000000000000000       0x58 ./Driver/Src/SEGGER_RTT_Syscalls_GCC.o
 .debug_macro   0x0000000000000000       0x71 ./Driver/Src/SEGGER_RTT_Syscalls_GCC.o
 .debug_macro   0x0000000000000000       0x1c ./Driver/Src/SEGGER_RTT_Syscalls_GCC.o
 .debug_macro   0x0000000000000000      0x12a ./Driver/Src/SEGGER_RTT_Syscalls_GCC.o
 .debug_macro   0x0000000000000000       0x10 ./Driver/Src/SEGGER_RTT_Syscalls_GCC.o
 .debug_macro   0x0000000000000000       0x35 ./Driver/Src/SEGGER_RTT_Syscalls_GCC.o
 .debug_macro   0x0000000000000000       0x49 ./Driver/Src/SEGGER_RTT_Syscalls_GCC.o
 .debug_macro   0x0000000000000000       0x35 ./Driver/Src/SEGGER_RTT_Syscalls_GCC.o
 .debug_macro   0x0000000000000000       0x16 ./Driver/Src/SEGGER_RTT_Syscalls_GCC.o
 .debug_macro   0x0000000000000000      0x341 ./Driver/Src/SEGGER_RTT_Syscalls_GCC.o
 .debug_macro   0x0000000000000000       0x16 ./Driver/Src/SEGGER_RTT_Syscalls_GCC.o
 .debug_macro   0x0000000000000000       0x29 ./Driver/Src/SEGGER_RTT_Syscalls_GCC.o
 .debug_macro   0x0000000000000000       0x58 ./Driver/Src/SEGGER_RTT_Syscalls_GCC.o
 .debug_macro   0x0000000000000000      0x138 ./Driver/Src/SEGGER_RTT_Syscalls_GCC.o
 .debug_line    0x0000000000000000      0x5bc ./Driver/Src/SEGGER_RTT_Syscalls_GCC.o
 .debug_str     0x0000000000000000     0x728c ./Driver/Src/SEGGER_RTT_Syscalls_GCC.o
 .comment       0x0000000000000000       0x51 ./Driver/Src/SEGGER_RTT_Syscalls_GCC.o
 .debug_frame   0x0000000000000000       0x58 ./Driver/Src/SEGGER_RTT_Syscalls_GCC.o
 .ARM.attributes
                0x0000000000000000       0x2d ./Driver/Src/SEGGER_RTT_Syscalls_GCC.o
 .group         0x0000000000000000        0xc ./Driver/Src/SEGGER_RTT_printf.o
 .group         0x0000000000000000        0xc ./Driver/Src/SEGGER_RTT_printf.o
 .group         0x0000000000000000        0xc ./Driver/Src/SEGGER_RTT_printf.o
 .group         0x0000000000000000        0xc ./Driver/Src/SEGGER_RTT_printf.o
 .group         0x0000000000000000        0xc ./Driver/Src/SEGGER_RTT_printf.o
 .group         0x0000000000000000        0xc ./Driver/Src/SEGGER_RTT_printf.o
 .group         0x0000000000000000        0xc ./Driver/Src/SEGGER_RTT_printf.o
 .group         0x0000000000000000        0xc ./Driver/Src/SEGGER_RTT_printf.o
 .group         0x0000000000000000        0xc ./Driver/Src/SEGGER_RTT_printf.o
 .group         0x0000000000000000        0xc ./Driver/Src/SEGGER_RTT_printf.o
 .group         0x0000000000000000        0xc ./Driver/Src/SEGGER_RTT_printf.o
 .group         0x0000000000000000        0xc ./Driver/Src/SEGGER_RTT_printf.o
 .group         0x0000000000000000        0xc ./Driver/Src/SEGGER_RTT_printf.o
 .group         0x0000000000000000        0xc ./Driver/Src/SEGGER_RTT_printf.o
 .group         0x0000000000000000        0xc ./Driver/Src/SEGGER_RTT_printf.o
 .group         0x0000000000000000        0xc ./Driver/Src/SEGGER_RTT_printf.o
 .group         0x0000000000000000        0xc ./Driver/Src/SEGGER_RTT_printf.o
 .group         0x0000000000000000        0xc ./Driver/Src/SEGGER_RTT_printf.o
 .group         0x0000000000000000        0xc ./Driver/Src/SEGGER_RTT_printf.o
 .group         0x0000000000000000        0xc ./Driver/Src/SEGGER_RTT_printf.o
 .group         0x0000000000000000        0xc ./Driver/Src/SEGGER_RTT_printf.o
 .group         0x0000000000000000        0xc ./Driver/Src/SEGGER_RTT_printf.o
 .group         0x0000000000000000        0xc ./Driver/Src/SEGGER_RTT_printf.o
 .group         0x0000000000000000        0xc ./Driver/Src/SEGGER_RTT_printf.o
 .group         0x0000000000000000        0xc ./Driver/Src/SEGGER_RTT_printf.o
 .group         0x0000000000000000        0xc ./Driver/Src/SEGGER_RTT_printf.o
 .text          0x0000000000000000        0x0 ./Driver/Src/SEGGER_RTT_printf.o
 .data          0x0000000000000000        0x0 ./Driver/Src/SEGGER_RTT_printf.o
 .bss           0x0000000000000000        0x0 ./Driver/Src/SEGGER_RTT_printf.o
 .debug_macro   0x0000000000000000      0xa72 ./Driver/Src/SEGGER_RTT_printf.o
 .debug_macro   0x0000000000000000       0x49 ./Driver/Src/SEGGER_RTT_printf.o
 .debug_macro   0x0000000000000000       0x35 ./Driver/Src/SEGGER_RTT_printf.o
 .debug_macro   0x0000000000000000       0x18 ./Driver/Src/SEGGER_RTT_printf.o
 .debug_macro   0x0000000000000000       0x22 ./Driver/Src/SEGGER_RTT_printf.o
 .debug_macro   0x0000000000000000       0x4c ./Driver/Src/SEGGER_RTT_printf.o
 .debug_macro   0x0000000000000000       0x94 ./Driver/Src/SEGGER_RTT_printf.o
 .debug_macro   0x0000000000000000       0x3c ./Driver/Src/SEGGER_RTT_printf.o
 .debug_macro   0x0000000000000000       0x34 ./Driver/Src/SEGGER_RTT_printf.o
 .debug_macro   0x0000000000000000       0x16 ./Driver/Src/SEGGER_RTT_printf.o
 .debug_macro   0x0000000000000000      0x10e ./Driver/Src/SEGGER_RTT_printf.o
 .debug_macro   0x0000000000000000       0x8d ./Driver/Src/SEGGER_RTT_printf.o
 .debug_macro   0x0000000000000000       0x16 ./Driver/Src/SEGGER_RTT_printf.o
 .debug_macro   0x0000000000000000       0x43 ./Driver/Src/SEGGER_RTT_printf.o
 .debug_macro   0x0000000000000000       0x57 ./Driver/Src/SEGGER_RTT_printf.o
 .debug_macro   0x0000000000000000       0x34 ./Driver/Src/SEGGER_RTT_printf.o
 .debug_macro   0x0000000000000000       0x10 ./Driver/Src/SEGGER_RTT_printf.o
 .debug_macro   0x0000000000000000       0x58 ./Driver/Src/SEGGER_RTT_printf.o
 .debug_macro   0x0000000000000000       0x71 ./Driver/Src/SEGGER_RTT_printf.o
 .debug_macro   0x0000000000000000       0x1c ./Driver/Src/SEGGER_RTT_printf.o
 .debug_macro   0x0000000000000000      0x12a ./Driver/Src/SEGGER_RTT_printf.o
 .debug_macro   0x0000000000000000      0x341 ./Driver/Src/SEGGER_RTT_printf.o
 .debug_macro   0x0000000000000000       0x16 ./Driver/Src/SEGGER_RTT_printf.o
 .debug_macro   0x0000000000000000       0x29 ./Driver/Src/SEGGER_RTT_printf.o
 .debug_macro   0x0000000000000000       0x58 ./Driver/Src/SEGGER_RTT_printf.o
 .debug_macro   0x0000000000000000      0x138 ./Driver/Src/SEGGER_RTT_printf.o
 .group         0x0000000000000000        0xc ./Driver/Src/stm32f103xx_gpio.o
 .group         0x0000000000000000        0xc ./Driver/Src/stm32f103xx_gpio.o
 .group         0x0000000000000000        0xc ./Driver/Src/stm32f103xx_gpio.o
 .group         0x0000000000000000        0xc ./Driver/Src/stm32f103xx_gpio.o
 .group         0x0000000000000000        0xc ./Driver/Src/stm32f103xx_gpio.o
 .group         0x0000000000000000        0xc ./Driver/Src/stm32f103xx_gpio.o
 .group         0x0000000000000000        0xc ./Driver/Src/stm32f103xx_gpio.o
 .group         0x0000000000000000        0xc ./Driver/Src/stm32f103xx_gpio.o
 .group         0x0000000000000000        0xc ./Driver/Src/stm32f103xx_gpio.o
 .text          0x0000000000000000        0x0 ./Driver/Src/stm32f103xx_gpio.o
 .data          0x0000000000000000        0x0 ./Driver/Src/stm32f103xx_gpio.o
 .bss           0x0000000000000000        0x0 ./Driver/Src/stm32f103xx_gpio.o
 .text.GPIO_DeInit
                0x0000000000000000      0x120 ./Driver/Src/stm32f103xx_gpio.o
 .text.GPIO_WriteToOutputPin
                0x0000000000000000       0x48 ./Driver/Src/stm32f103xx_gpio.o
 .text.GPIO_WriteToOutputPort
                0x0000000000000000       0x1c ./Driver/Src/stm32f103xx_gpio.o
 .text.GPIO_ToggleOutputPin
                0x0000000000000000       0x28 ./Driver/Src/stm32f103xx_gpio.o
 .text.GPIO_ReadFromInputPort
                0x0000000000000000       0x1a ./Driver/Src/stm32f103xx_gpio.o
 .debug_macro   0x0000000000000000      0xa72 ./Driver/Src/stm32f103xx_gpio.o
 .debug_macro   0x0000000000000000       0x22 ./Driver/Src/stm32f103xx_gpio.o
 .group         0x0000000000000000        0xc ./Src/main.o
 .group         0x0000000000000000        0xc ./Src/main.o
 .group         0x0000000000000000        0xc ./Src/main.o
 .group         0x0000000000000000        0xc ./Src/main.o
 .group         0x0000000000000000        0xc ./Src/main.o
 .group         0x0000000000000000        0xc ./Src/main.o
 .group         0x0000000000000000        0xc ./Src/main.o
 .group         0x0000000000000000        0xc ./Src/main.o
 .group         0x0000000000000000        0xc ./Src/main.o
 .group         0x0000000000000000        0xc ./Src/main.o
 .group         0x0000000000000000        0xc ./Src/main.o
 .group         0x0000000000000000        0xc ./Src/main.o
 .group         0x0000000000000000        0xc ./Src/main.o
 .group         0x0000000000000000        0xc ./Src/main.o
 .group         0x0000000000000000        0xc ./Src/main.o
 .group         0x0000000000000000        0xc ./Src/main.o
 .group         0x0000000000000000        0xc ./Src/main.o
 .group         0x0000000000000000        0xc ./Src/main.o
 .group         0x0000000000000000        0xc ./Src/main.o
 .group         0x0000000000000000        0xc ./Src/main.o
 .group         0x0000000000000000        0xc ./Src/main.o
 .group         0x0000000000000000        0xc ./Src/main.o
 .group         0x0000000000000000        0xc ./Src/main.o
 .group         0x0000000000000000        0xc ./Src/main.o
 .group         0x0000000000000000        0xc ./Src/main.o
 .group         0x0000000000000000        0xc ./Src/main.o
 .group         0x0000000000000000        0xc ./Src/main.o
 .group         0x0000000000000000        0xc ./Src/main.o
 .group         0x0000000000000000        0xc ./Src/main.o
 .group         0x0000000000000000        0xc ./Src/main.o
 .group         0x0000000000000000        0xc ./Src/main.o
 .text          0x0000000000000000        0x0 ./Src/main.o
 .data          0x0000000000000000        0x0 ./Src/main.o
 .bss           0x0000000000000000        0x0 ./Src/main.o
 .debug_macro   0x0000000000000000      0xa72 ./Src/main.o
 .debug_macro   0x0000000000000000       0x22 ./Src/main.o
 .debug_macro   0x0000000000000000       0x8e ./Src/main.o
 .debug_macro   0x0000000000000000       0x51 ./Src/main.o
 .debug_macro   0x0000000000000000      0x103 ./Src/main.o
 .debug_macro   0x0000000000000000       0x6a ./Src/main.o
 .debug_macro   0x0000000000000000      0x1df ./Src/main.o
 .debug_macro   0x0000000000000000       0x46 ./Src/main.o
 .debug_macro   0x0000000000000000       0x49 ./Src/main.o
 .debug_macro   0x0000000000000000       0x35 ./Src/main.o
 .debug_macro   0x0000000000000000       0x18 ./Src/main.o
 .debug_macro   0x0000000000000000       0x3c ./Src/main.o
 .debug_macro   0x0000000000000000       0x34 ./Src/main.o
 .debug_macro   0x0000000000000000       0x16 ./Src/main.o
 .debug_macro   0x0000000000000000      0x10e ./Src/main.o
 .debug_macro   0x0000000000000000       0x8d ./Src/main.o
 .debug_macro   0x0000000000000000       0x16 ./Src/main.o
 .debug_macro   0x0000000000000000       0x43 ./Src/main.o
 .debug_macro   0x0000000000000000       0x34 ./Src/main.o
 .debug_macro   0x0000000000000000       0x10 ./Src/main.o
 .debug_macro   0x0000000000000000       0x58 ./Src/main.o
 .debug_macro   0x0000000000000000       0x71 ./Src/main.o
 .debug_macro   0x0000000000000000       0x1c ./Src/main.o
 .debug_macro   0x0000000000000000      0x12a ./Src/main.o
 .debug_macro   0x0000000000000000      0x341 ./Src/main.o
 .debug_macro   0x0000000000000000       0x16 ./Src/main.o
 .debug_macro   0x0000000000000000       0x29 ./Src/main.o
 .debug_macro   0x0000000000000000       0x58 ./Src/main.o
 .debug_macro   0x0000000000000000      0x138 ./Src/main.o
 .group         0x0000000000000000        0xc ./Src/syscalls.o
 .group         0x0000000000000000        0xc ./Src/syscalls.o
 .group         0x0000000000000000        0xc ./Src/syscalls.o
 .group         0x0000000000000000        0xc ./Src/syscalls.o
 .group         0x0000000000000000        0xc ./Src/syscalls.o
 .group         0x0000000000000000        0xc ./Src/syscalls.o
 .group         0x0000000000000000        0xc ./Src/syscalls.o
 .group         0x0000000000000000        0xc ./Src/syscalls.o
 .group         0x0000000000000000        0xc ./Src/syscalls.o
 .group         0x0000000000000000        0xc ./Src/syscalls.o
 .group         0x0000000000000000        0xc ./Src/syscalls.o
 .group         0x0000000000000000        0xc ./Src/syscalls.o
 .group         0x0000000000000000        0xc ./Src/syscalls.o
 .group         0x0000000000000000        0xc ./Src/syscalls.o
 .group         0x0000000000000000        0xc ./Src/syscalls.o
 .group         0x0000000000000000        0xc ./Src/syscalls.o
 .group         0x0000000000000000        0xc ./Src/syscalls.o
 .group         0x0000000000000000        0xc ./Src/syscalls.o
 .group         0x0000000000000000        0xc ./Src/syscalls.o
 .group         0x0000000000000000        0xc ./Src/syscalls.o
 .group         0x0000000000000000        0xc ./Src/syscalls.o
 .group         0x0000000000000000        0xc ./Src/syscalls.o
 .group         0x0000000000000000        0xc ./Src/syscalls.o
 .group         0x0000000000000000        0xc ./Src/syscalls.o
 .group         0x0000000000000000        0xc ./Src/syscalls.o
 .group         0x0000000000000000        0xc ./Src/syscalls.o
 .group         0x0000000000000000        0xc ./Src/syscalls.o
 .group         0x0000000000000000        0xc ./Src/syscalls.o
 .group         0x0000000000000000        0xc ./Src/syscalls.o
 .group         0x0000000000000000        0xc ./Src/syscalls.o
 .group         0x0000000000000000        0xc ./Src/syscalls.o
 .group         0x0000000000000000        0xc ./Src/syscalls.o
 .group         0x0000000000000000        0xc ./Src/syscalls.o
 .group         0x0000000000000000        0xc ./Src/syscalls.o
 .group         0x0000000000000000        0xc ./Src/syscalls.o
 .group         0x0000000000000000        0xc ./Src/syscalls.o
 .group         0x0000000000000000        0xc ./Src/syscalls.o
 .group         0x0000000000000000        0xc ./Src/syscalls.o
 .group         0x0000000000000000        0xc ./Src/syscalls.o
 .group         0x0000000000000000        0xc ./Src/syscalls.o
 .group         0x0000000000000000        0xc ./Src/syscalls.o
 .group         0x0000000000000000        0xc ./Src/syscalls.o
 .group         0x0000000000000000        0xc ./Src/syscalls.o
 .group         0x0000000000000000        0xc ./Src/syscalls.o
 .group         0x0000000000000000        0xc ./Src/syscalls.o
 .group         0x0000000000000000        0xc ./Src/syscalls.o
 .group         0x0000000000000000        0xc ./Src/syscalls.o
 .text          0x0000000000000000        0x0 ./Src/syscalls.o
 .data          0x0000000000000000        0x0 ./Src/syscalls.o
 .bss           0x0000000000000000        0x0 ./Src/syscalls.o
 .bss.__env     0x0000000000000000        0x4 ./Src/syscalls.o
 .data.environ  0x0000000000000000        0x4 ./Src/syscalls.o
 .text.initialise_monitor_handles
                0x0000000000000000        0xc ./Src/syscalls.o
 .text._getpid  0x0000000000000000        0xe ./Src/syscalls.o
 .text._kill    0x0000000000000000       0x20 ./Src/syscalls.o
 .text._exit    0x0000000000000000       0x14 ./Src/syscalls.o
 .text._read    0x0000000000000000       0x3a ./Src/syscalls.o
 .text._write   0x0000000000000000       0x38 ./Src/syscalls.o
 .text._close   0x0000000000000000       0x16 ./Src/syscalls.o
 .text._fstat   0x0000000000000000       0x1e ./Src/syscalls.o
 .text._isatty  0x0000000000000000       0x14 ./Src/syscalls.o
 .text._lseek   0x0000000000000000       0x18 ./Src/syscalls.o
 .text._open    0x0000000000000000       0x1a ./Src/syscalls.o
 .text._wait    0x0000000000000000       0x1e ./Src/syscalls.o
 .text._unlink  0x0000000000000000       0x1e ./Src/syscalls.o
 .text._times   0x0000000000000000       0x16 ./Src/syscalls.o
 .text._stat    0x0000000000000000       0x1e ./Src/syscalls.o
 .text._link    0x0000000000000000       0x20 ./Src/syscalls.o
 .text._fork    0x0000000000000000       0x16 ./Src/syscalls.o
 .text._execve  0x0000000000000000       0x22 ./Src/syscalls.o
 .debug_info    0x0000000000000000      0x6e0 ./Src/syscalls.o
 .debug_abbrev  0x0000000000000000      0x1b3 ./Src/syscalls.o
 .debug_aranges
                0x0000000000000000       0xa8 ./Src/syscalls.o
 .debug_ranges  0x0000000000000000       0x98 ./Src/syscalls.o
 .debug_macro   0x0000000000000000      0x24c ./Src/syscalls.o
 .debug_macro   0x0000000000000000      0xa72 ./Src/syscalls.o
 .debug_macro   0x0000000000000000       0x22 ./Src/syscalls.o
 .debug_macro   0x0000000000000000       0x4c ./Src/syscalls.o
 .debug_macro   0x0000000000000000       0x18 ./Src/syscalls.o
 .debug_macro   0x0000000000000000       0x94 ./Src/syscalls.o
 .debug_macro   0x0000000000000000       0x3c ./Src/syscalls.o
 .debug_macro   0x0000000000000000       0x34 ./Src/syscalls.o
 .debug_macro   0x0000000000000000       0x57 ./Src/syscalls.o
 .debug_macro   0x0000000000000000      0x174 ./Src/syscalls.o
 .debug_macro   0x0000000000000000      0x341 ./Src/syscalls.o
 .debug_macro   0x0000000000000000       0x16 ./Src/syscalls.o
 .debug_macro   0x0000000000000000       0x43 ./Src/syscalls.o
 .debug_macro   0x0000000000000000       0x34 ./Src/syscalls.o
 .debug_macro   0x0000000000000000       0x10 ./Src/syscalls.o
 .debug_macro   0x0000000000000000       0x58 ./Src/syscalls.o
 .debug_macro   0x0000000000000000       0x71 ./Src/syscalls.o
 .debug_macro   0x0000000000000000       0x1c ./Src/syscalls.o
 .debug_macro   0x0000000000000000      0x12a ./Src/syscalls.o
 .debug_macro   0x0000000000000000       0x10 ./Src/syscalls.o
 .debug_macro   0x0000000000000000       0x35 ./Src/syscalls.o
 .debug_macro   0x0000000000000000       0x10 ./Src/syscalls.o
 .debug_macro   0x0000000000000000       0x10 ./Src/syscalls.o
 .debug_macro   0x0000000000000000       0x10 ./Src/syscalls.o
 .debug_macro   0x0000000000000000       0x6a ./Src/syscalls.o
 .debug_macro   0x0000000000000000       0x1c ./Src/syscalls.o
 .debug_macro   0x0000000000000000       0x52 ./Src/syscalls.o
 .debug_macro   0x0000000000000000       0x22 ./Src/syscalls.o
 .debug_macro   0x0000000000000000       0x10 ./Src/syscalls.o
 .debug_macro   0x0000000000000000       0x52 ./Src/syscalls.o
 .debug_macro   0x0000000000000000       0xd5 ./Src/syscalls.o
 .debug_macro   0x0000000000000000       0x1c ./Src/syscalls.o
 .debug_macro   0x0000000000000000       0x3d ./Src/syscalls.o
 .debug_macro   0x0000000000000000       0x35 ./Src/syscalls.o
 .debug_macro   0x0000000000000000      0x12c ./Src/syscalls.o
 .debug_macro   0x0000000000000000       0x16 ./Src/syscalls.o
 .debug_macro   0x0000000000000000       0x16 ./Src/syscalls.o
 .debug_macro   0x0000000000000000       0x29 ./Src/syscalls.o
 .debug_macro   0x0000000000000000       0x10 ./Src/syscalls.o
 .debug_macro   0x0000000000000000      0x241 ./Src/syscalls.o
 .debug_macro   0x0000000000000000       0x1c ./Src/syscalls.o
 .debug_macro   0x0000000000000000       0x10 ./Src/syscalls.o
 .debug_macro   0x0000000000000000       0x10 ./Src/syscalls.o
 .debug_macro   0x0000000000000000       0x16 ./Src/syscalls.o
 .debug_macro   0x0000000000000000      0x145 ./Src/syscalls.o
 .debug_macro   0x0000000000000000      0x189 ./Src/syscalls.o
 .debug_macro   0x0000000000000000       0x16 ./Src/syscalls.o
 .debug_macro   0x0000000000000000       0xce ./Src/syscalls.o
 .debug_line    0x0000000000000000      0x7f9 ./Src/syscalls.o
 .debug_str     0x0000000000000000     0x8a3d ./Src/syscalls.o
 .comment       0x0000000000000000       0x51 ./Src/syscalls.o
 .debug_frame   0x0000000000000000      0x2ac ./Src/syscalls.o
 .ARM.attributes
                0x0000000000000000       0x2d ./Src/syscalls.o
 .group         0x0000000000000000        0xc ./Src/sysmem.o
 .group         0x0000000000000000        0xc ./Src/sysmem.o
 .group         0x0000000000000000        0xc ./Src/sysmem.o
 .group         0x0000000000000000        0xc ./Src/sysmem.o
 .group         0x0000000000000000        0xc ./Src/sysmem.o
 .group         0x0000000000000000        0xc ./Src/sysmem.o
 .group         0x0000000000000000        0xc ./Src/sysmem.o
 .group         0x0000000000000000        0xc ./Src/sysmem.o
 .group         0x0000000000000000        0xc ./Src/sysmem.o
 .group         0x0000000000000000        0xc ./Src/sysmem.o
 .group         0x0000000000000000        0xc ./Src/sysmem.o
 .group         0x0000000000000000        0xc ./Src/sysmem.o
 .group         0x0000000000000000        0xc ./Src/sysmem.o
 .group         0x0000000000000000        0xc ./Src/sysmem.o
 .group         0x0000000000000000        0xc ./Src/sysmem.o
 .group         0x0000000000000000        0xc ./Src/sysmem.o
 .group         0x0000000000000000        0xc ./Src/sysmem.o
 .group         0x0000000000000000        0xc ./Src/sysmem.o
 .group         0x0000000000000000        0xc ./Src/sysmem.o
 .group         0x0000000000000000        0xc ./Src/sysmem.o
 .group         0x0000000000000000        0xc ./Src/sysmem.o
 .group         0x0000000000000000        0xc ./Src/sysmem.o
 .text          0x0000000000000000        0x0 ./Src/sysmem.o
 .data          0x0000000000000000        0x0 ./Src/sysmem.o
 .bss           0x0000000000000000        0x0 ./Src/sysmem.o
 .bss.__sbrk_heap_end
                0x0000000000000000        0x4 ./Src/sysmem.o
 .text._sbrk    0x0000000000000000       0x6c ./Src/sysmem.o
 .debug_info    0x0000000000000000      0x171 ./Src/sysmem.o
 .debug_abbrev  0x0000000000000000       0xbb ./Src/sysmem.o
 .debug_aranges
                0x0000000000000000       0x20 ./Src/sysmem.o
 .debug_ranges  0x0000000000000000       0x10 ./Src/sysmem.o
 .debug_macro   0x0000000000000000       0xff ./Src/sysmem.o
 .debug_macro   0x0000000000000000      0xa72 ./Src/sysmem.o
 .debug_macro   0x0000000000000000       0x10 ./Src/sysmem.o
 .debug_macro   0x0000000000000000       0x22 ./Src/sysmem.o
 .debug_macro   0x0000000000000000       0x4c ./Src/sysmem.o
 .debug_macro   0x0000000000000000       0x18 ./Src/sysmem.o
 .debug_macro   0x0000000000000000       0x94 ./Src/sysmem.o
 .debug_macro   0x0000000000000000       0x3c ./Src/sysmem.o
 .debug_macro   0x0000000000000000       0x34 ./Src/sysmem.o
 .debug_macro   0x0000000000000000      0x174 ./Src/sysmem.o
 .debug_macro   0x0000000000000000       0x16 ./Src/sysmem.o
 .debug_macro   0x0000000000000000       0x43 ./Src/sysmem.o
 .debug_macro   0x0000000000000000       0x57 ./Src/sysmem.o
 .debug_macro   0x0000000000000000       0x34 ./Src/sysmem.o
 .debug_macro   0x0000000000000000       0x10 ./Src/sysmem.o
 .debug_macro   0x0000000000000000       0x58 ./Src/sysmem.o
 .debug_macro   0x0000000000000000       0x71 ./Src/sysmem.o
 .debug_macro   0x0000000000000000       0x1c ./Src/sysmem.o
 .debug_macro   0x0000000000000000      0x12a ./Src/sysmem.o
 .debug_macro   0x0000000000000000      0x23b ./Src/sysmem.o
 .debug_macro   0x0000000000000000      0x103 ./Src/sysmem.o
 .debug_macro   0x0000000000000000       0x6a ./Src/sysmem.o
 .debug_macro   0x0000000000000000      0x1df ./Src/sysmem.o
 .debug_line    0x0000000000000000      0x4ef ./Src/sysmem.o
 .debug_str     0x0000000000000000     0x5d79 ./Src/sysmem.o
 .comment       0x0000000000000000       0x51 ./Src/sysmem.o
 .debug_frame   0x0000000000000000       0x34 ./Src/sysmem.o
 .ARM.attributes
                0x0000000000000000       0x2d ./Src/sysmem.o
 .text          0x0000000000000000       0x14 ./Startup/startup_stm32f103c8tx.o
 .data          0x0000000000000000        0x0 ./Startup/startup_stm32f103c8tx.o
 .bss           0x0000000000000000        0x0 ./Startup/startup_stm32f103c8tx.o
 .text          0x0000000000000000        0x0 c:/st/stm32cubeide_1.12.1/stm32cubeide/plugins/com.st.stm32cube.ide.mcu.externaltools.gnu-tools-for-stm32.10.3-2021.10.win32_1.0.200.202301161003/tools/bin/../lib/gcc/arm-none-eabi/10.3.1/../../../../arm-none-eabi/lib/thumb/v7-m/nofp\libc_nano.a(lib_a-errno.o)
 .data          0x0000000000000000        0x0 c:/st/stm32cubeide_1.12.1/stm32cubeide/plugins/com.st.stm32cube.ide.mcu.externaltools.gnu-tools-for-stm32.10.3-2021.10.win32_1.0.200.202301161003/tools/bin/../lib/gcc/arm-none-eabi/10.3.1/../../../../arm-none-eabi/lib/thumb/v7-m/nofp\libc_nano.a(lib_a-errno.o)
 .bss           0x0000000000000000        0x0 c:/st/stm32cubeide_1.12.1/stm32cubeide/plugins/com.st.stm32cube.ide.mcu.externaltools.gnu-tools-for-stm32.10.3-2021.10.win32_1.0.200.202301161003/tools/bin/../lib/gcc/arm-none-eabi/10.3.1/../../../../arm-none-eabi/lib/thumb/v7-m/nofp\libc_nano.a(lib_a-errno.o)
 .text.__errno  0x0000000000000000        0xc c:/st/stm32cubeide_1.12.1/stm32cubeide/plugins/com.st.stm32cube.ide.mcu.externaltools.gnu-tools-for-stm32.10.3-2021.10.win32_1.0.200.202301161003/tools/bin/../lib/gcc/arm-none-eabi/10.3.1/../../../../arm-none-eabi/lib/thumb/v7-m/nofp\libc_nano.a(lib_a-errno.o)
 .debug_frame   0x0000000000000000       0x20 c:/st/stm32cubeide_1.12.1/stm32cubeide/plugins/com.st.stm32cube.ide.mcu.externaltools.gnu-tools-for-stm32.10.3-2021.10.win32_1.0.200.202301161003/tools/bin/../lib/gcc/arm-none-eabi/10.3.1/../../../../arm-none-eabi/lib/thumb/v7-m/nofp\libc_nano.a(lib_a-errno.o)
 .ARM.attributes
                0x0000000000000000       0x2d c:/st/stm32cubeide_1.12.1/stm32cubeide/plugins/com.st.stm32cube.ide.mcu.externaltools.gnu-tools-for-stm32.10.3-2021.10.win32_1.0.200.202301161003/tools/bin/../lib/gcc/arm-none-eabi/10.3.1/../../../../arm-none-eabi/lib/thumb/v7-m/nofp\libc_nano.a(lib_a-errno.o)
 .text          0x0000000000000000        0x0 c:/st/stm32cubeide_1.12.1/stm32cubeide/plugins/com.st.stm32cube.ide.mcu.externaltools.gnu-tools-for-stm32.10.3-2021.10.win32_1.0.200.202301161003/tools/bin/../lib/gcc/arm-none-eabi/10.3.1/../../../../arm-none-eabi/lib/thumb/v7-m/nofp\libc_nano.a(lib_a-exit.o)
 .data          0x0000000000000000        0x0 c:/st/stm32cubeide_1.12.1/stm32cubeide/plugins/com.st.stm32cube.ide.mcu.externaltools.gnu-tools-for-stm32.10.3-2021.10.win32_1.0.200.202301161003/tools/bin/../lib/gcc/arm-none-eabi/10.3.1/../../../../arm-none-eabi/lib/thumb/v7-m/nofp\libc_nano.a(lib_a-exit.o)
 .bss           0x0000000000000000        0x0 c:/st/stm32cubeide_1.12.1/stm32cubeide/plugins/com.st.stm32cube.ide.mcu.externaltools.gnu-tools-for-stm32.10.3-2021.10.win32_1.0.200.202301161003/tools/bin/../lib/gcc/arm-none-eabi/10.3.1/../../../../arm-none-eabi/lib/thumb/v7-m/nofp\libc_nano.a(lib_a-exit.o)
 .text.exit     0x0000000000000000       0x28 c:/st/stm32cubeide_1.12.1/stm32cubeide/plugins/com.st.stm32cube.ide.mcu.externaltools.gnu-tools-for-stm32.10.3-2021.10.win32_1.0.200.202301161003/tools/bin/../lib/gcc/arm-none-eabi/10.3.1/../../../../arm-none-eabi/lib/thumb/v7-m/nofp\libc_nano.a(lib_a-exit.o)
 .debug_frame   0x0000000000000000       0x28 c:/st/stm32cubeide_1.12.1/stm32cubeide/plugins/com.st.stm32cube.ide.mcu.externaltools.gnu-tools-for-stm32.10.3-2021.10.win32_1.0.200.202301161003/tools/bin/../lib/gcc/arm-none-eabi/10.3.1/../../../../arm-none-eabi/lib/thumb/v7-m/nofp\libc_nano.a(lib_a-exit.o)
 .ARM.attributes
                0x0000000000000000       0x2d c:/st/stm32cubeide_1.12.1/stm32cubeide/plugins/com.st.stm32cube.ide.mcu.externaltools.gnu-tools-for-stm32.10.3-2021.10.win32_1.0.200.202301161003/tools/bin/../lib/gcc/arm-none-eabi/10.3.1/../../../../arm-none-eabi/lib/thumb/v7-m/nofp\libc_nano.a(lib_a-exit.o)
 .text          0x0000000000000000        0x0 c:/st/stm32cubeide_1.12.1/stm32cubeide/plugins/com.st.stm32cube.ide.mcu.externaltools.gnu-tools-for-stm32.10.3-2021.10.win32_1.0.200.202301161003/tools/bin/../lib/gcc/arm-none-eabi/10.3.1/../../../../arm-none-eabi/lib/thumb/v7-m/nofp\libc_nano.a(lib_a-impure.o)
 .data          0x0000000000000000        0x0 c:/st/stm32cubeide_1.12.1/stm32cubeide/plugins/com.st.stm32cube.ide.mcu.externaltools.gnu-tools-for-stm32.10.3-2021.10.win32_1.0.200.202301161003/tools/bin/../lib/gcc/arm-none-eabi/10.3.1/../../../../arm-none-eabi/lib/thumb/v7-m/nofp\libc_nano.a(lib_a-impure.o)
 .bss           0x0000000000000000        0x0 c:/st/stm32cubeide_1.12.1/stm32cubeide/plugins/com.st.stm32cube.ide.mcu.externaltools.gnu-tools-for-stm32.10.3-2021.10.win32_1.0.200.202301161003/tools/bin/../lib/gcc/arm-none-eabi/10.3.1/../../../../arm-none-eabi/lib/thumb/v7-m/nofp\libc_nano.a(lib_a-impure.o)
 .data._impure_ptr
                0x0000000000000000        0x4 c:/st/stm32cubeide_1.12.1/stm32cubeide/plugins/com.st.stm32cube.ide.mcu.externaltools.gnu-tools-for-stm32.10.3-2021.10.win32_1.0.200.202301161003/tools/bin/../lib/gcc/arm-none-eabi/10.3.1/../../../../arm-none-eabi/lib/thumb/v7-m/nofp\libc_nano.a(lib_a-impure.o)
 .data.impure_data
                0x0000000000000000       0x60 c:/st/stm32cubeide_1.12.1/stm32cubeide/plugins/com.st.stm32cube.ide.mcu.externaltools.gnu-tools-for-stm32.10.3-2021.10.win32_1.0.200.202301161003/tools/bin/../lib/gcc/arm-none-eabi/10.3.1/../../../../arm-none-eabi/lib/thumb/v7-m/nofp\libc_nano.a(lib_a-impure.o)
 .rodata._global_impure_ptr
                0x0000000000000000        0x4 c:/st/stm32cubeide_1.12.1/stm32cubeide/plugins/com.st.stm32cube.ide.mcu.externaltools.gnu-tools-for-stm32.10.3-2021.10.win32_1.0.200.202301161003/tools/bin/../lib/gcc/arm-none-eabi/10.3.1/../../../../arm-none-eabi/lib/thumb/v7-m/nofp\libc_nano.a(lib_a-impure.o)
 .ARM.attributes
                0x0000000000000000       0x2d c:/st/stm32cubeide_1.12.1/stm32cubeide/plugins/com.st.stm32cube.ide.mcu.externaltools.gnu-tools-for-stm32.10.3-2021.10.win32_1.0.200.202301161003/tools/bin/../lib/gcc/arm-none-eabi/10.3.1/../../../../arm-none-eabi/lib/thumb/v7-m/nofp\libc_nano.a(lib_a-impure.o)
 .text          0x0000000000000000        0x0 c:/st/stm32cubeide_1.12.1/stm32cubeide/plugins/com.st.stm32cube.ide.mcu.externaltools.gnu-tools-for-stm32.10.3-2021.10.win32_1.0.200.202301161003/tools/bin/../lib/gcc/arm-none-eabi/10.3.1/../../../../arm-none-eabi/lib/thumb/v7-m/nofp\libc_nano.a(lib_a-init.o)
 .data          0x0000000000000000        0x0 c:/st/stm32cubeide_1.12.1/stm32cubeide/plugins/com.st.stm32cube.ide.mcu.externaltools.gnu-tools-for-stm32.10.3-2021.10.win32_1.0.200.202301161003/tools/bin/../lib/gcc/arm-none-eabi/10.3.1/../../../../arm-none-eabi/lib/thumb/v7-m/nofp\libc_nano.a(lib_a-init.o)
 .bss           0x0000000000000000        0x0 c:/st/stm32cubeide_1.12.1/stm32cubeide/plugins/com.st.stm32cube.ide.mcu.externaltools.gnu-tools-for-stm32.10.3-2021.10.win32_1.0.200.202301161003/tools/bin/../lib/gcc/arm-none-eabi/10.3.1/../../../../arm-none-eabi/lib/thumb/v7-m/nofp\libc_nano.a(lib_a-init.o)
 .text          0x0000000000000000        0x0 c:/st/stm32cubeide_1.12.1/stm32cubeide/plugins/com.st.stm32cube.ide.mcu.externaltools.gnu-tools-for-stm32.10.3-2021.10.win32_1.0.200.202301161003/tools/bin/../lib/gcc/arm-none-eabi/10.3.1/../../../../arm-none-eabi/lib/thumb/v7-m/nofp\libc_nano.a(lib_a-memcpy-stub.o)
 .data          0x0000000000000000        0x0 c:/st/stm32cubeide_1.12.1/stm32cubeide/plugins/com.st.stm32cube.ide.mcu.externaltools.gnu-tools-for-stm32.10.3-2021.10.win32_1.0.200.202301161003/tools/bin/../lib/gcc/arm-none-eabi/10.3.1/../../../../arm-none-eabi/lib/thumb/v7-m/nofp\libc_nano.a(lib_a-memcpy-stub.o)
 .bss           0x0000000000000000        0x0 c:/st/stm32cubeide_1.12.1/stm32cubeide/plugins/com.st.stm32cube.ide.mcu.externaltools.gnu-tools-for-stm32.10.3-2021.10.win32_1.0.200.202301161003/tools/bin/../lib/gcc/arm-none-eabi/10.3.1/../../../../arm-none-eabi/lib/thumb/v7-m/nofp\libc_nano.a(lib_a-memcpy-stub.o)
 .text          0x0000000000000000        0x0 c:/st/stm32cubeide_1.12.1/stm32cubeide/plugins/com.st.stm32cube.ide.mcu.externaltools.gnu-tools-for-stm32.10.3-2021.10.win32_1.0.200.202301161003/tools/bin/../lib/gcc/arm-none-eabi/10.3.1/../../../../arm-none-eabi/lib/thumb/v7-m/nofp\libc_nano.a(lib_a-memset.o)
 .data          0x0000000000000000        0x0 c:/st/stm32cubeide_1.12.1/stm32cubeide/plugins/com.st.stm32cube.ide.mcu.externaltools.gnu-tools-for-stm32.10.3-2021.10.win32_1.0.200.202301161003/tools/bin/../lib/gcc/arm-none-eabi/10.3.1/../../../../arm-none-eabi/lib/thumb/v7-m/nofp\libc_nano.a(lib_a-memset.o)
 .bss           0x0000000000000000        0x0 c:/st/stm32cubeide_1.12.1/stm32cubeide/plugins/com.st.stm32cube.ide.mcu.externaltools.gnu-tools-for-stm32.10.3-2021.10.win32_1.0.200.202301161003/tools/bin/../lib/gcc/arm-none-eabi/10.3.1/../../../../arm-none-eabi/lib/thumb/v7-m/nofp\libc_nano.a(lib_a-memset.o)
 .text.memset   0x0000000000000000       0x10 c:/st/stm32cubeide_1.12.1/stm32cubeide/plugins/com.st.stm32cube.ide.mcu.externaltools.gnu-tools-for-stm32.10.3-2021.10.win32_1.0.200.202301161003/tools/bin/../lib/gcc/arm-none-eabi/10.3.1/../../../../arm-none-eabi/lib/thumb/v7-m/nofp\libc_nano.a(lib_a-memset.o)
 .debug_frame   0x0000000000000000       0x20 c:/st/stm32cubeide_1.12.1/stm32cubeide/plugins/com.st.stm32cube.ide.mcu.externaltools.gnu-tools-for-stm32.10.3-2021.10.win32_1.0.200.202301161003/tools/bin/../lib/gcc/arm-none-eabi/10.3.1/../../../../arm-none-eabi/lib/thumb/v7-m/nofp\libc_nano.a(lib_a-memset.o)
 .ARM.attributes
                0x0000000000000000       0x2d c:/st/stm32cubeide_1.12.1/stm32cubeide/plugins/com.st.stm32cube.ide.mcu.externaltools.gnu-tools-for-stm32.10.3-2021.10.win32_1.0.200.202301161003/tools/bin/../lib/gcc/arm-none-eabi/10.3.1/../../../../arm-none-eabi/lib/thumb/v7-m/nofp\libc_nano.a(lib_a-memset.o)
 .text          0x0000000000000000       0x10 c:/st/stm32cubeide_1.12.1/stm32cubeide/plugins/com.st.stm32cube.ide.mcu.externaltools.gnu-tools-for-stm32.10.3-2021.10.win32_1.0.200.202301161003/tools/bin/../lib/gcc/arm-none-eabi/10.3.1/../../../../arm-none-eabi/lib/thumb/v7-m/nofp\libc_nano.a(lib_a-strlen.o)
 .data          0x0000000000000000        0x0 c:/st/stm32cubeide_1.12.1/stm32cubeide/plugins/com.st.stm32cube.ide.mcu.externaltools.gnu-tools-for-stm32.10.3-2021.10.win32_1.0.200.202301161003/tools/bin/../lib/gcc/arm-none-eabi/10.3.1/../../../../arm-none-eabi/lib/thumb/v7-m/nofp\libc_nano.a(lib_a-strlen.o)
 .bss           0x0000000000000000        0x0 c:/st/stm32cubeide_1.12.1/stm32cubeide/plugins/com.st.stm32cube.ide.mcu.externaltools.gnu-tools-for-stm32.10.3-2021.10.win32_1.0.200.202301161003/tools/bin/../lib/gcc/arm-none-eabi/10.3.1/../../../../arm-none-eabi/lib/thumb/v7-m/nofp\libc_nano.a(lib_a-strlen.o)
 .ARM.attributes
                0x0000000000000000       0x17 c:/st/stm32cubeide_1.12.1/stm32cubeide/plugins/com.st.stm32cube.ide.mcu.externaltools.gnu-tools-for-stm32.10.3-2021.10.win32_1.0.200.202301161003/tools/bin/../lib/gcc/arm-none-eabi/10.3.1/../../../../arm-none-eabi/lib/thumb/v7-m/nofp\libc_nano.a(lib_a-strlen.o)
 .text          0x0000000000000000        0x0 c:/st/stm32cubeide_1.12.1/stm32cubeide/plugins/com.st.stm32cube.ide.mcu.externaltools.gnu-tools-for-stm32.10.3-2021.10.win32_1.0.200.202301161003/tools/bin/../lib/gcc/arm-none-eabi/10.3.1/thumb/v7-m/nofp/crtend.o
 .data          0x0000000000000000        0x0 c:/st/stm32cubeide_1.12.1/stm32cubeide/plugins/com.st.stm32cube.ide.mcu.externaltools.gnu-tools-for-stm32.10.3-2021.10.win32_1.0.200.202301161003/tools/bin/../lib/gcc/arm-none-eabi/10.3.1/thumb/v7-m/nofp/crtend.o
 .bss           0x0000000000000000        0x0 c:/st/stm32cubeide_1.12.1/stm32cubeide/plugins/com.st.stm32cube.ide.mcu.externaltools.gnu-tools-for-stm32.10.3-2021.10.win32_1.0.200.202301161003/tools/bin/../lib/gcc/arm-none-eabi/10.3.1/thumb/v7-m/nofp/crtend.o
 .rodata        0x0000000000000000       0x24 c:/st/stm32cubeide_1.12.1/stm32cubeide/plugins/com.st.stm32cube.ide.mcu.externaltools.gnu-tools-for-stm32.10.3-2021.10.win32_1.0.200.202301161003/tools/bin/../lib/gcc/arm-none-eabi/10.3.1/thumb/v7-m/nofp/crtend.o
 .eh_frame      0x0000000000000000        0x4 c:/st/stm32cubeide_1.12.1/stm32cubeide/plugins/com.st.stm32cube.ide.mcu.externaltools.gnu-tools-for-stm32.10.3-2021.10.win32_1.0.200.202301161003/tools/bin/../lib/gcc/arm-none-eabi/10.3.1/thumb/v7-m/nofp/crtend.o
 .ARM.attributes
                0x0000000000000000       0x2d c:/st/stm32cubeide_1.12.1/stm32cubeide/plugins/com.st.stm32cube.ide.mcu.externaltools.gnu-tools-for-stm32.10.3-2021.10.win32_1.0.200.202301161003/tools/bin/../lib/gcc/arm-none-eabi/10.3.1/thumb/v7-m/nofp/crtend.o
 .text          0x0000000000000000        0x0 c:/st/stm32cubeide_1.12.1/stm32cubeide/plugins/com.st.stm32cube.ide.mcu.externaltools.gnu-tools-for-stm32.10.3-2021.10.win32_1.0.200.202301161003/tools/bin/../lib/gcc/arm-none-eabi/10.3.1/thumb/v7-m/nofp/crtn.o
 .data          0x0000000000000000        0x0 c:/st/stm32cubeide_1.12.1/stm32cubeide/plugins/com.st.stm32cube.ide.mcu.externaltools.gnu-tools-for-stm32.10.3-2021.10.win32_1.0.200.202301161003/tools/bin/../lib/gcc/arm-none-eabi/10.3.1/thumb/v7-m/nofp/crtn.o
 .bss           0x0000000000000000        0x0 c:/st/stm32cubeide_1.12.1/stm32cubeide/plugins/com.st.stm32cube.ide.mcu.externaltools.gnu-tools-for-stm32.10.3-2021.10.win32_1.0.200.202301161003/tools/bin/../lib/gcc/arm-none-eabi/10.3.1/thumb/v7-m/nofp/crtn.o

Memory Configuration

Name             Origin             Length             Attributes
RAM              0x0000000020000000 0x0000000000005000 xrw
FLASH            0x0000000008000000 0x0000000000010000 xr
*default*        0x0000000000000000 0xffffffffffffffff

Linker script and memory map

LOAD c:/st/stm32cubeide_1.12.1/stm32cubeide/plugins/com.st.stm32cube.ide.mcu.externaltools.gnu-tools-for-stm32.10.3-2021.10.win32_1.0.200.202301161003/tools/bin/../lib/gcc/arm-none-eabi/10.3.1/thumb/v7-m/nofp/crti.o
LOAD c:/st/stm32cubeide_1.12.1/stm32cubeide/plugins/com.st.stm32cube.ide.mcu.externaltools.gnu-tools-for-stm32.10.3-2021.10.win32_1.0.200.202301161003/tools/bin/../lib/gcc/arm-none-eabi/10.3.1/thumb/v7-m/nofp/crtbegin.o
LOAD c:/st/stm32cubeide_1.12.1/stm32cubeide/plugins/com.st.stm32cube.ide.mcu.externaltools.gnu-tools-for-stm32.10.3-2021.10.win32_1.0.200.202301161003/tools/bin/../lib/gcc/arm-none-eabi/10.3.1/../../../../arm-none-eabi/lib/thumb/v7-m/nofp/crt0.o
LOAD ./Driver/Src/SEGGER_RTT.o
LOAD ./Driver/Src/SEGGER_RTT_Syscalls_GCC.o
LOAD ./Driver/Src/SEGGER_RTT_printf.o
LOAD ./Driver/Src/stm32f103xx_gpio.o
LOAD ./Src/main.o
LOAD ./Src/syscalls.o
LOAD ./Src/sysmem.o
LOAD ./Startup/startup_stm32f103c8tx.o
START GROUP
LOAD c:/st/stm32cubeide_1.12.1/stm32cubeide/plugins/com.st.stm32cube.ide.mcu.externaltools.gnu-tools-for-stm32.10.3-2021.10.win32_1.0.200.202301161003/tools/bin/../lib/gcc/arm-none-eabi/10.3.1/../../../../arm-none-eabi/lib/thumb/v7-m/nofp\libc_nano.a
LOAD c:/st/stm32cubeide_1.12.1/stm32cubeide/plugins/com.st.stm32cube.ide.mcu.externaltools.gnu-tools-for-stm32.10.3-2021.10.win32_1.0.200.202301161003/tools/bin/../lib/gcc/arm-none-eabi/10.3.1/../../../../arm-none-eabi/lib/thumb/v7-m/nofp\libm.a
END GROUP
START GROUP
LOAD c:/st/stm32cubeide_1.12.1/stm32cubeide/plugins/com.st.stm32cube.ide.mcu.externaltools.gnu-tools-for-stm32.10.3-2021.10.win32_1.0.200.202301161003/tools/bin/../lib/gcc/arm-none-eabi/10.3.1/thumb/v7-m/nofp\libgcc.a
LOAD c:/st/stm32cubeide_1.12.1/stm32cubeide/plugins/com.st.stm32cube.ide.mcu.externaltools.gnu-tools-for-stm32.10.3-2021.10.win32_1.0.200.202301161003/tools/bin/../lib/gcc/arm-none-eabi/10.3.1/../../../../arm-none-eabi/lib/thumb/v7-m/nofp\libc_nano.a
END GROUP
START GROUP
LOAD c:/st/stm32cubeide_1.12.1/stm32cubeide/plugins/com.st.stm32cube.ide.mcu.externaltools.gnu-tools-for-stm32.10.3-2021.10.win32_1.0.200.202301161003/tools/bin/../lib/gcc/arm-none-eabi/10.3.1/thumb/v7-m/nofp\libgcc.a
LOAD c:/st/stm32cubeide_1.12.1/stm32cubeide/plugins/com.st.stm32cube.ide.mcu.externaltools.gnu-tools-for-stm32.10.3-2021.10.win32_1.0.200.202301161003/tools/bin/../lib/gcc/arm-none-eabi/10.3.1/../../../../arm-none-eabi/lib/thumb/v7-m/nofp\libc_nano.a
LOAD c:/st/stm32cubeide_1.12.1/stm32cubeide/plugins/com.st.stm32cube.ide.mcu.externaltools.gnu-tools-for-stm32.10.3-2021.10.win32_1.0.200.202301161003/tools/bin/../lib/gcc/arm-none-eabi/10.3.1/../../../../arm-none-eabi/lib/thumb/v7-m/nofp\libnosys.a
END GROUP
START GROUP
LOAD c:/st/stm32cubeide_1.12.1/stm32cubeide/plugins/com.st.stm32cube.ide.mcu.externaltools.gnu-tools-for-stm32.10.3-2021.10.win32_1.0.200.202301161003/tools/bin/../lib/gcc/arm-none-eabi/10.3.1/thumb/v7-m/nofp\libgcc.a
LOAD c:/st/stm32cubeide_1.12.1/stm32cubeide/plugins/com.st.stm32cube.ide.mcu.externaltools.gnu-tools-for-stm32.10.3-2021.10.win32_1.0.200.202301161003/tools/bin/../lib/gcc/arm-none-eabi/10.3.1/../../../../arm-none-eabi/lib/thumb/v7-m/nofp\libc_nano.a
LOAD c:/st/stm32cubeide_1.12.1/stm32cubeide/plugins/com.st.stm32cube.ide.mcu.externaltools.gnu-tools-for-stm32.10.3-2021.10.win32_1.0.200.202301161003/tools/bin/../lib/gcc/arm-none-eabi/10.3.1/../../../../arm-none-eabi/lib/thumb/v7-m/nofp\libnosys.a
END GROUP
LOAD c:/st/stm32cubeide_1.12.1/stm32cubeide/plugins/com.st.stm32cube.ide.mcu.externaltools.gnu-tools-for-stm32.10.3-2021.10.win32_1.0.200.202301161003/tools/bin/../lib/gcc/arm-none-eabi/10.3.1/thumb/v7-m/nofp/crtend.o
LOAD c:/st/stm32cubeide_1.12.1/stm32cubeide/plugins/com.st.stm32cube.ide.mcu.externaltools.gnu-tools-for-stm32.10.3-2021.10.win32_1.0.200.202301161003/tools/bin/../lib/gcc/arm-none-eabi/10.3.1/thumb/v7-m/nofp/crtn.o
                0x0000000020005000                _estack = (ORIGIN (RAM) + LENGTH (RAM))
                0x0000000000000200                _Min_Heap_Size = 0x200
                0x0000000000000400                _Min_Stack_Size = 0x400

.isr_vector     0x0000000008000000      0x130
                0x0000000008000000                . = ALIGN (0x4)
 *(.isr_vector)
 .isr_vector    0x0000000008000000      0x130 ./Startup/startup_stm32f103c8tx.o
                0x0000000008000000                g_pfnVectors
                0x0000000008000130                . = ALIGN (0x4)

.text           0x0000000008000130      0xed0
                0x0000000008000130                . = ALIGN (0x4)
 *(.text)
 .text          0x0000000008000130       0x40 c:/st/stm32cubeide_1.12.1/stm32cubeide/plugins/com.st.stm32cube.ide.mcu.externaltools.gnu-tools-for-stm32.10.3-2021.10.win32_1.0.200.202301161003/tools/bin/../lib/gcc/arm-none-eabi/10.3.1/thumb/v7-m/nofp/crtbegin.o
 *(.text*)
 .text._DoInit  0x0000000008000170       0xa8 ./Driver/Src/SEGGER_RTT.o
 .text._WriteBlocking
                0x0000000008000218       0xb6 ./Driver/Src/SEGGER_RTT.o
 .text._WriteNoCheck
                0x00000000080002ce       0x88 ./Driver/Src/SEGGER_RTT.o
 .text._GetAvailWriteSpace
                0x0000000008000356       0x44 ./Driver/Src/SEGGER_RTT.o
 *fill*         0x000000000800039a        0x2 
 .text.SEGGER_RTT_WriteNoLock
                0x000000000800039c       0xa0 ./Driver/Src/SEGGER_RTT.o
                0x000000000800039c                SEGGER_RTT_WriteNoLock
 .text.SEGGER_RTT_Write
                0x000000000800043c       0x4c ./Driver/Src/SEGGER_RTT.o
                0x000000000800043c                SEGGER_RTT_Write
 .text.SEGGER_RTT_ConfigUpBuffer
                0x0000000008000488       0x94 ./Driver/Src/SEGGER_RTT.o
                0x0000000008000488                SEGGER_RTT_ConfigUpBuffer
 .text._StoreChar
                0x000000000800051c       0x7c ./Driver/Src/SEGGER_RTT_printf.o
 .text._PrintUnsigned
                0x0000000008000598      0x158 ./Driver/Src/SEGGER_RTT_printf.o
 .text._PrintInt
                0x00000000080006f0      0x14e ./Driver/Src/SEGGER_RTT_printf.o
 *fill*         0x000000000800083e        0x2 
 .text.SEGGER_RTT_vprintf
                0x0000000008000840      0x3a8 ./Driver/Src/SEGGER_RTT_printf.o
                0x0000000008000840                SEGGER_RTT_vprintf
 .text.SEGGER_RTT_printf
                0x0000000008000be8       0x30 ./Driver/Src/SEGGER_RTT_printf.o
                0x0000000008000be8                SEGGER_RTT_printf
 .text.GPIO_Init
                0x0000000008000c18       0xb0 ./Driver/Src/stm32f103xx_gpio.o
                0x0000000008000c18                GPIO_Init
 .text.GPIO_ReadFromInputPin
                0x0000000008000cc8       0x2a ./Driver/Src/stm32f103xx_gpio.o
                0x0000000008000cc8                GPIO_ReadFromInputPin
 *fill*         0x0000000008000cf2        0x2 
 .text.GPIO_PeriClockControl
                0x0000000008000cf4      0x170 ./Driver/Src/stm32f103xx_gpio.o
                0x0000000008000cf4                GPIO_PeriClockControl
 .text.delay    0x0000000008000e64       0x30 ./Src/main.o
                0x0000000008000e64                delay
 .text.main     0x0000000008000e94       0x9c ./Src/main.o
                0x0000000008000e94                main
 .text.Reset_Handler
                0x0000000008000f30       0x50 ./Startup/startup_stm32f103c8tx.o
                0x0000000008000f30                Reset_Handler
 .text.Default_Handler
                0x0000000008000f80        0x2 ./Startup/startup_stm32f103c8tx.o
                0x0000000008000f80                EXTI2_IRQHandler
                0x0000000008000f80                TIM8_TRG_COM_IRQHandler
                0x0000000008000f80                TIM8_CC_IRQHandler
                0x0000000008000f80                DebugMon_Handler
                0x0000000008000f80                TIM1_CC_IRQHandler
                0x0000000008000f80                HardFault_Handler
                0x0000000008000f80                TIM6_IRQHandler
                0x0000000008000f80                SysTick_Handler
                0x0000000008000f80                PVD_IRQHandler
                0x0000000008000f80                SDIO_IRQHandler
                0x0000000008000f80                PendSV_Handler
                0x0000000008000f80                NMI_Handler
                0x0000000008000f80                EXTI3_IRQHandler
                0x0000000008000f80                USB_HP_CAN_TX_IRQHandler
                0x0000000008000f80                EXTI0_IRQHandler
                0x0000000008000f80                I2C2_EV_IRQHandler
                0x0000000008000f80                UsageFault_Handler
                0x0000000008000f80                ADC1_2_IRQHandler
                0x0000000008000f80                SPI1_IRQHandler
                0x0000000008000f80                CAN_SCE_IRQHandler
                0x0000000008000f80                TAMPER_IRQHandler
                0x0000000008000f80                TIM8_UP_IRQHandler
                0x0000000008000f80                DMA2_Channel2_IRQHandler
                0x0000000008000f80                DMA1_Channel4_IRQHandler
                0x0000000008000f80                USART3_IRQHandler
                0x0000000008000f80                RTC_IRQHandler
                0x0000000008000f80                DMA1_Channel7_IRQHandler
                0x0000000008000f80                UART5_IRQHandler
                0x0000000008000f80                ADC3_IRQHandler
                0x0000000008000f80                TIM4_IRQHandler
                0x0000000008000f80                CAN_RX1_IRQHandler
                0x0000000008000f80                DMA2_Channel1_IRQHandler
                0x0000000008000f80                I2C1_EV_IRQHandler
                0x0000000008000f80                DMA1_Channel6_IRQHandler
                0x0000000008000f80                UART4_IRQHandler
                0x0000000008000f80                TIM3_IRQHandler
                0x0000000008000f80                RCC_IRQHandler
                0x0000000008000f80                TIM1_TRG_COM_IRQHandler
                0x0000000008000f80                DMA1_Channel1_IRQHandler
                0x0000000008000f80                Default_Handler
                0x0000000008000f80                EXTI15_10_IRQHandler
                0x0000000008000f80                TIM7_IRQHandler
                0x0000000008000f80                TIM5_IRQHandler
                0x0000000008000f80                EXTI9_5_IRQHandler
                0x0000000008000f80                SPI2_IRQHandler
                0x0000000008000f80                USB_LP_CAN_RX0_IRQHandler
                0x0000000008000f80                MemManage_Handler
                0x0000000008000f80                SVC_Handler
                0x0000000008000f80                DMA1_Channel5_IRQHandler
                0x0000000008000f80                EXTI4_IRQHandler
                0x0000000008000f80                DMA1_Channel3_IRQHandler
                0x0000000008000f80                FSMC_IRQHandler
                0x0000000008000f80                TIM1_UP_IRQHandler
                0x0000000008000f80                WWDG_IRQHandler
                0x0000000008000f80                TIM2_IRQHandler
                0x0000000008000f80                TIM1_BRK_IRQHandler
                0x0000000008000f80                EXTI1_IRQHandler
                0x0000000008000f80                RTCAlarm_IRQHandler
                0x0000000008000f80                DMA2_Channel4_5_IRQHandler
                0x0000000008000f80                USART2_IRQHandler
                0x0000000008000f80                I2C2_ER_IRQHandler
                0x0000000008000f80                DMA1_Channel2_IRQHandler
                0x0000000008000f80                TIM8_BRK_IRQHandler
                0x0000000008000f80                FLASH_IRQHandler
                0x0000000008000f80                BusFault_Handler
                0x0000000008000f80                USART1_IRQHandler
                0x0000000008000f80                SPI3_IRQHandler
                0x0000000008000f80                I2C1_ER_IRQHandler
                0x0000000008000f80                DMA2_Channel3_IRQHandler
 *fill*         0x0000000008000f82        0x2 
 .text.__libc_init_array
                0x0000000008000f84       0x48 c:/st/stm32cubeide_1.12.1/stm32cubeide/plugins/com.st.stm32cube.ide.mcu.externaltools.gnu-tools-for-stm32.10.3-2021.10.win32_1.0.200.202301161003/tools/bin/../lib/gcc/arm-none-eabi/10.3.1/../../../../arm-none-eabi/lib/thumb/v7-m/nofp\libc_nano.a(lib_a-init.o)
                0x0000000008000f84                __libc_init_array
 .text.memcpy   0x0000000008000fcc       0x1c c:/st/stm32cubeide_1.12.1/stm32cubeide/plugins/com.st.stm32cube.ide.mcu.externaltools.gnu-tools-for-stm32.10.3-2021.10.win32_1.0.200.202301161003/tools/bin/../lib/gcc/arm-none-eabi/10.3.1/../../../../arm-none-eabi/lib/thumb/v7-m/nofp\libc_nano.a(lib_a-memcpy-stub.o)
                0x0000000008000fcc                memcpy
 *(.glue_7)
 .glue_7        0x0000000008000fe8        0x0 linker stubs
 *(.glue_7t)
 .glue_7t       0x0000000008000fe8        0x0 linker stubs
 *(.eh_frame)
 .eh_frame      0x0000000008000fe8        0x0 c:/st/stm32cubeide_1.12.1/stm32cubeide/plugins/com.st.stm32cube.ide.mcu.externaltools.gnu-tools-for-stm32.10.3-2021.10.win32_1.0.200.202301161003/tools/bin/../lib/gcc/arm-none-eabi/10.3.1/thumb/v7-m/nofp/crtbegin.o
 *(.init)
 .init          0x0000000008000fe8        0x4 c:/st/stm32cubeide_1.12.1/stm32cubeide/plugins/com.st.stm32cube.ide.mcu.externaltools.gnu-tools-for-stm32.10.3-2021.10.win32_1.0.200.202301161003/tools/bin/../lib/gcc/arm-none-eabi/10.3.1/thumb/v7-m/nofp/crti.o
                0x0000000008000fe8                _init
 .init          0x0000000008000fec        0x8 c:/st/stm32cubeide_1.12.1/stm32cubeide/plugins/com.st.stm32cube.ide.mcu.externaltools.gnu-tools-for-stm32.10.3-2021.10.win32_1.0.200.202301161003/tools/bin/../lib/gcc/arm-none-eabi/10.3.1/thumb/v7-m/nofp/crtn.o
 *(.fini)
 .fini          0x0000000008000ff4        0x4 c:/st/stm32cubeide_1.12.1/stm32cubeide/plugins/com.st.stm32cube.ide.mcu.externaltools.gnu-tools-for-stm32.10.3-2021.10.win32_1.0.200.202301161003/tools/bin/../lib/gcc/arm-none-eabi/10.3.1/thumb/v7-m/nofp/crti.o
                0x0000000008000ff4                _fini
 .fini          0x0000000008000ff8        0x8 c:/st/stm32cubeide_1.12.1/stm32cubeide/plugins/com.st.stm32cube.ide.mcu.externaltools.gnu-tools-for-stm32.10.3-2021.10.win32_1.0.200.202301161003/tools/bin/../lib/gcc/arm-none-eabi/10.3.1/thumb/v7-m/nofp/crtn.o
                0x0000000008001000                . = ALIGN (0x4)
                0x0000000008001000                _etext = .

.vfp11_veneer   0x0000000008001000        0x0
 .vfp11_veneer  0x0000000008001000        0x0 linker stubs

.v4_bx          0x0000000008001000        0x0
 .v4_bx         0x0000000008001000        0x0 linker stubs

.iplt           0x0000000008001000        0x0
 .iplt          0x0000000008001000        0x0 c:/st/stm32cubeide_1.12.1/stm32cubeide/plugins/com.st.stm32cube.ide.mcu.externaltools.gnu-tools-for-stm32.10.3-2021.10.win32_1.0.200.202301161003/tools/bin/../lib/gcc/arm-none-eabi/10.3.1/thumb/v7-m/nofp/crtbegin.o

.rodata         0x0000000008001000       0x48
                0x0000000008001000                . = ALIGN (0x4)
 *(.rodata)
 .rodata        0x0000000008001000        0x9 ./Driver/Src/SEGGER_RTT.o
 *fill*         0x0000000008001009        0x3 
 .rodata        0x000000000800100c       0x15 ./Src/main.o
 *(.rodata*)
 *fill*         0x0000000008001021        0x3 
 .rodata._aInitStr.0
                0x0000000008001024       0x11 ./Driver/Src/SEGGER_RTT.o
 *fill*         0x0000000008001035        0x3 
 .rodata._aV2C.0
                0x0000000008001038       0x10 ./Driver/Src/SEGGER_RTT_printf.o
                0x0000000008001048                . = ALIGN (0x4)

.rel.dyn        0x0000000008001048        0x0
 .rel.iplt      0x0000000008001048        0x0 c:/st/stm32cubeide_1.12.1/stm32cubeide/plugins/com.st.stm32cube.ide.mcu.externaltools.gnu-tools-for-stm32.10.3-2021.10.win32_1.0.200.202301161003/tools/bin/../lib/gcc/arm-none-eabi/10.3.1/thumb/v7-m/nofp/crtbegin.o

.ARM.extab      0x0000000008001048        0x0
                0x0000000008001048                . = ALIGN (0x4)
 *(.ARM.extab* .gnu.linkonce.armextab.*)
                0x0000000008001048                . = ALIGN (0x4)

.ARM            0x0000000008001048        0x0
                0x0000000008001048                . = ALIGN (0x4)
                0x0000000008001048                __exidx_start = .
 *(.ARM.exidx*)
                0x0000000008001048                __exidx_end = .
                0x0000000008001048                . = ALIGN (0x4)

.preinit_array  0x0000000008001048        0x0
                0x0000000008001048                . = ALIGN (0x4)
                0x0000000008001048                PROVIDE (__preinit_array_start = .)
 *(.preinit_array*)
                0x0000000008001048                PROVIDE (__preinit_array_end = .)
                0x0000000008001048                . = ALIGN (0x4)

.init_array     0x0000000008001048        0x4
                0x0000000008001048                . = ALIGN (0x4)
                0x0000000008001048                PROVIDE (__init_array_start = .)
 *(SORT_BY_NAME(.init_array.*))
 *(.init_array*)
 .init_array    0x0000000008001048        0x4 c:/st/stm32cubeide_1.12.1/stm32cubeide/plugins/com.st.stm32cube.ide.mcu.externaltools.gnu-tools-for-stm32.10.3-2021.10.win32_1.0.200.202301161003/tools/bin/../lib/gcc/arm-none-eabi/10.3.1/thumb/v7-m/nofp/crtbegin.o
                0x000000000800104c                PROVIDE (__init_array_end = .)
                0x000000000800104c                . = ALIGN (0x4)

.fini_array     0x000000000800104c        0x4
                0x000000000800104c                . = ALIGN (0x4)
                [!provide]                        PROVIDE (__fini_array_start = .)
 *(SORT_BY_NAME(.fini_array.*))
 *(.fini_array*)
 .fini_array    0x000000000800104c        0x4 c:/st/stm32cubeide_1.12.1/stm32cubeide/plugins/com.st.stm32cube.ide.mcu.externaltools.gnu-tools-for-stm32.10.3-2021.10.win32_1.0.200.202301161003/tools/bin/../lib/gcc/arm-none-eabi/10.3.1/thumb/v7-m/nofp/crtbegin.o
                [!provide]                        PROVIDE (__fini_array_end = .)
                0x0000000008001050                . = ALIGN (0x4)
                0x0000000008001050                _sidata = LOADADDR (.data)

.data           0x0000000020000000        0x0 load address 0x0000000008001050
                0x0000000020000000                . = ALIGN (0x4)
                0x0000000020000000                _sdata = .
 *(.data)
 *(.data*)
 *(.RamFunc)
 *(.RamFunc*)
                0x0000000020000000                . = ALIGN (0x4)
                0x0000000020000000                _edata = .

.igot.plt       0x0000000020000000        0x0 load address 0x0000000008001050
 .igot.plt      0x0000000020000000        0x0 c:/st/stm32cubeide_1.12.1/stm32cubeide/plugins/com.st.stm32cube.ide.mcu.externaltools.gnu-tools-for-stm32.10.3-2021.10.win32_1.0.200.202301161003/tools/bin/../lib/gcc/arm-none-eabi/10.3.1/thumb/v7-m/nofp/crtbegin.o
                0x0000000020000000                . = ALIGN (0x4)

.bss            0x0000000020000000      0x4d4 load address 0x0000000008001050
                0x0000000020000000                _sbss = .
                0x0000000020000000                __bss_start__ = _sbss
 *(.bss)
 .bss           0x0000000020000000       0x1c c:/st/stm32cubeide_1.12.1/stm32cubeide/plugins/com.st.stm32cube.ide.mcu.externaltools.gnu-tools-for-stm32.10.3-2021.10.win32_1.0.200.202301161003/tools/bin/../lib/gcc/arm-none-eabi/10.3.1/thumb/v7-m/nofp/crtbegin.o
 *(.bss*)
 .bss._SEGGER_RTT
                0x000000002000001c       0xa8 ./Driver/Src/SEGGER_RTT.o
                0x000000002000001c                _SEGGER_RTT
 .bss._acUpBuffer
                0x00000000200000c4      0x400 ./Driver/Src/SEGGER_RTT.o
 .bss._acDownBuffer
                0x00000000200004c4       0x10 ./Driver/Src/SEGGER_RTT.o
 *(COMMON)
                0x00000000200004d4                . = ALIGN (0x4)
                0x00000000200004d4                _ebss = .
                0x00000000200004d4                __bss_end__ = _ebss

._user_heap_stack
                0x00000000200004d4      0x604 load address 0x0000000008001050
                0x00000000200004d8                . = ALIGN (0x8)
 *fill*         0x00000000200004d4        0x4 
                [!provide]                        PROVIDE (end = .)
                0x00000000200004d8                PROVIDE (_end = .)
                0x00000000200006d8                . = (. + _Min_Heap_Size)
 *fill*         0x00000000200004d8      0x200 
                0x0000000020000ad8                . = (. + _Min_Stack_Size)
 *fill*         0x00000000200006d8      0x400 
                0x0000000020000ad8                . = ALIGN (0x8)

/DISCARD/
 libc.a(*)
 libm.a(*)
 libgcc.a(*)

.ARM.attributes
                0x0000000000000000       0x29
 *(.ARM.attributes)
 .ARM.attributes
                0x0000000000000000       0x1d c:/st/stm32cubeide_1.12.1/stm32cubeide/plugins/com.st.stm32cube.ide.mcu.externaltools.gnu-tools-for-stm32.10.3-2021.10.win32_1.0.200.202301161003/tools/bin/../lib/gcc/arm-none-eabi/10.3.1/thumb/v7-m/nofp/crti.o
 .ARM.attributes
                0x000000000000001d       0x2d c:/st/stm32cubeide_1.12.1/stm32cubeide/plugins/com.st.stm32cube.ide.mcu.externaltools.gnu-tools-for-stm32.10.3-2021.10.win32_1.0.200.202301161003/tools/bin/../lib/gcc/arm-none-eabi/10.3.1/thumb/v7-m/nofp/crtbegin.o
 .ARM.attributes
                0x000000000000004a       0x2d ./Driver/Src/SEGGER_RTT.o
 .ARM.attributes
                0x0000000000000077       0x2d ./Driver/Src/SEGGER_RTT_printf.o
 .ARM.attributes
                0x00000000000000a4       0x2d ./Driver/Src/stm32f103xx_gpio.o
 .ARM.attributes
                0x00000000000000d1       0x2d ./Src/main.o
 .ARM.attributes
                0x00000000000000fe       0x21 ./Startup/startup_stm32f103c8tx.o
 .ARM.attributes
                0x000000000000011f       0x2d c:/st/stm32cubeide_1.12.1/stm32cubeide/plugins/com.st.stm32cube.ide.mcu.externaltools.gnu-tools-for-stm32.10.3-2021.10.win32_1.0.200.202301161003/tools/bin/../lib/gcc/arm-none-eabi/10.3.1/../../../../arm-none-eabi/lib/thumb/v7-m/nofp\libc_nano.a(lib_a-init.o)
 .ARM.attributes
                0x000000000000014c       0x2d c:/st/stm32cubeide_1.12.1/stm32cubeide/plugins/com.st.stm32cube.ide.mcu.externaltools.gnu-tools-for-stm32.10.3-2021.10.win32_1.0.200.202301161003/tools/bin/../lib/gcc/arm-none-eabi/10.3.1/../../../../arm-none-eabi/lib/thumb/v7-m/nofp\libc_nano.a(lib_a-memcpy-stub.o)
 .ARM.attributes
                0x0000000000000179       0x1d c:/st/stm32cubeide_1.12.1/stm32cubeide/plugins/com.st.stm32cube.ide.mcu.externaltools.gnu-tools-for-stm32.10.3-2021.10.win32_1.0.200.202301161003/tools/bin/../lib/gcc/arm-none-eabi/10.3.1/thumb/v7-m/nofp/crtn.o
OUTPUT(STM32_Basic_by_Finn.elf elf32-littlearm)
LOAD linker stubs
LOAD c:/st/stm32cubeide_1.12.1/stm32cubeide/plugins/com.st.stm32cube.ide.mcu.externaltools.gnu-tools-for-stm32.10.3-2021.10.win32_1.0.200.202301161003/tools/bin/../lib/gcc/arm-none-eabi/10.3.1/../../../../arm-none-eabi/lib/thumb/v7-m/nofp\libc.a
LOAD c:/st/stm32cubeide_1.12.1/stm32cubeide/plugins/com.st.stm32cube.ide.mcu.externaltools.gnu-tools-for-stm32.10.3-2021.10.win32_1.0.200.202301161003/tools/bin/../lib/gcc/arm-none-eabi/10.3.1/../../../../arm-none-eabi/lib/thumb/v7-m/nofp\libm.a
LOAD c:/st/stm32cubeide_1.12.1/stm32cubeide/plugins/com.st.stm32cube.ide.mcu.externaltools.gnu-tools-for-stm32.10.3-2021.10.win32_1.0.200.202301161003/tools/bin/../lib/gcc/arm-none-eabi/10.3.1/thumb/v7-m/nofp\libgcc.a

.debug_info     0x0000000000000000     0x210f
 .debug_info    0x0000000000000000     0x15bf ./Driver/Src/SEGGER_RTT.o
 .debug_info    0x00000000000015bf      0x44b ./Driver/Src/SEGGER_RTT_printf.o
 .debug_info    0x0000000000001a0a      0x40c ./Driver/Src/stm32f103xx_gpio.o
 .debug_info    0x0000000000001e16      0x2d7 ./Src/main.o
 .debug_info    0x00000000000020ed       0x22 ./Startup/startup_stm32f103c8tx.o

.debug_abbrev   0x0000000000000000      0x61c
 .debug_abbrev  0x0000000000000000      0x230 ./Driver/Src/SEGGER_RTT.o
 .debug_abbrev  0x0000000000000230      0x1b3 ./Driver/Src/SEGGER_RTT_printf.o
 .debug_abbrev  0x00000000000003e3       0xd9 ./Driver/Src/stm32f103xx_gpio.o
 .debug_abbrev  0x00000000000004bc      0x14e ./Src/main.o
 .debug_abbrev  0x000000000000060a       0x12 ./Startup/startup_stm32f103c8tx.o

.debug_aranges  0x0000000000000000      0x220
 .debug_aranges
                0x0000000000000000      0x138 ./Driver/Src/SEGGER_RTT.o
 .debug_aranges
                0x0000000000000138       0x40 ./Driver/Src/SEGGER_RTT_printf.o
 .debug_aranges
                0x0000000000000178       0x58 ./Driver/Src/stm32f103xx_gpio.o
 .debug_aranges
                0x00000000000001d0       0x28 ./Src/main.o
 .debug_aranges
                0x00000000000001f8       0x28 ./Startup/startup_stm32f103c8tx.o

.debug_ranges   0x0000000000000000      0x1f0
 .debug_ranges  0x0000000000000000      0x128 ./Driver/Src/SEGGER_RTT.o
 .debug_ranges  0x0000000000000128       0x48 ./Driver/Src/SEGGER_RTT_printf.o
 .debug_ranges  0x0000000000000170       0x48 ./Driver/Src/stm32f103xx_gpio.o
 .debug_ranges  0x00000000000001b8       0x18 ./Src/main.o
 .debug_ranges  0x00000000000001d0       0x20 ./Startup/startup_stm32f103c8tx.o

.debug_macro    0x0000000000000000     0x2377
 .debug_macro   0x0000000000000000      0x1bd ./Driver/Src/SEGGER_RTT.o
 .debug_macro   0x00000000000001bd      0xa72 ./Driver/Src/SEGGER_RTT.o
 .debug_macro   0x0000000000000c2f       0x49 ./Driver/Src/SEGGER_RTT.o
 .debug_macro   0x0000000000000c78       0x35 ./Driver/Src/SEGGER_RTT.o
 .debug_macro   0x0000000000000cad       0x18 ./Driver/Src/SEGGER_RTT.o
 .debug_macro   0x0000000000000cc5       0x22 ./Driver/Src/SEGGER_RTT.o
 .debug_macro   0x0000000000000ce7       0x4c ./Driver/Src/SEGGER_RTT.o
 .debug_macro   0x0000000000000d33       0x94 ./Driver/Src/SEGGER_RTT.o
 .debug_macro   0x0000000000000dc7       0x3c ./Driver/Src/SEGGER_RTT.o
 .debug_macro   0x0000000000000e03       0x34 ./Driver/Src/SEGGER_RTT.o
 .debug_macro   0x0000000000000e37       0x16 ./Driver/Src/SEGGER_RTT.o
 .debug_macro   0x0000000000000e4d      0x10e ./Driver/Src/SEGGER_RTT.o
 .debug_macro   0x0000000000000f5b       0x8d ./Driver/Src/SEGGER_RTT.o
 .debug_macro   0x0000000000000fe8       0x16 ./Driver/Src/SEGGER_RTT.o
 .debug_macro   0x0000000000000ffe       0x43 ./Driver/Src/SEGGER_RTT.o
 .debug_macro   0x0000000000001041       0x57 ./Driver/Src/SEGGER_RTT.o
 .debug_macro   0x0000000000001098       0x34 ./Driver/Src/SEGGER_RTT.o
 .debug_macro   0x00000000000010cc       0x10 ./Driver/Src/SEGGER_RTT.o
 .debug_macro   0x00000000000010dc       0x58 ./Driver/Src/SEGGER_RTT.o
 .debug_macro   0x0000000000001134       0x71 ./Driver/Src/SEGGER_RTT.o
 .debug_macro   0x00000000000011a5       0x1c ./Driver/Src/SEGGER_RTT.o
 .debug_macro   0x00000000000011c1      0x12a ./Driver/Src/SEGGER_RTT.o
 .debug_macro   0x00000000000012eb      0x341 ./Driver/Src/SEGGER_RTT.o
 .debug_macro   0x000000000000162c       0x16 ./Driver/Src/SEGGER_RTT.o
 .debug_macro   0x0000000000001642       0x29 ./Driver/Src/SEGGER_RTT.o
 .debug_macro   0x000000000000166b       0x58 ./Driver/Src/SEGGER_RTT.o
 .debug_macro   0x00000000000016c3      0x138 ./Driver/Src/SEGGER_RTT.o
 .debug_macro   0x00000000000017fb       0x16 ./Driver/Src/SEGGER_RTT.o
 .debug_macro   0x0000000000001811       0x35 ./Driver/Src/SEGGER_RTT.o
 .debug_macro   0x0000000000001846       0x20 ./Driver/Src/SEGGER_RTT.o
 .debug_macro   0x0000000000001866      0x147 ./Driver/Src/SEGGER_RTT_printf.o
 .debug_macro   0x00000000000019ad       0x81 ./Driver/Src/stm32f103xx_gpio.o
 .debug_macro   0x0000000000001a2e       0x8e ./Driver/Src/stm32f103xx_gpio.o
 .debug_macro   0x0000000000001abc       0x51 ./Driver/Src/stm32f103xx_gpio.o
 .debug_macro   0x0000000000001b0d      0x103 ./Driver/Src/stm32f103xx_gpio.o
 .debug_macro   0x0000000000001c10       0x6a ./Driver/Src/stm32f103xx_gpio.o
 .debug_macro   0x0000000000001c7a      0x1df ./Driver/Src/stm32f103xx_gpio.o
 .debug_macro   0x0000000000001e59      0x186 ./Driver/Src/stm32f103xx_gpio.o
 .debug_macro   0x0000000000001fdf       0x46 ./Driver/Src/stm32f103xx_gpio.o
 .debug_macro   0x0000000000002025      0x174 ./Src/main.o
 .debug_macro   0x0000000000002199      0x18c ./Src/main.o
 .debug_macro   0x0000000000002325       0x52 ./Src/main.o

.debug_line     0x0000000000000000     0x24e9
 .debug_line    0x0000000000000000      0xecc ./Driver/Src/SEGGER_RTT.o
 .debug_line    0x0000000000000ecc      0x906 ./Driver/Src/SEGGER_RTT_printf.o
 .debug_line    0x00000000000017d2      0x656 ./Driver/Src/stm32f103xx_gpio.o
 .debug_line    0x0000000000001e28      0x63d ./Src/main.o
 .debug_line    0x0000000000002465       0x84 ./Startup/startup_stm32f103c8tx.o

.debug_str      0x0000000000000000     0x8e3e
 .debug_str     0x0000000000000000     0x75b5 ./Driver/Src/SEGGER_RTT.o
                                       0x7739 (size before relaxing)
 .debug_str     0x00000000000075b5      0x18e ./Driver/Src/SEGGER_RTT_printf.o
                                       0x70b5 (size before relaxing)
 .debug_str     0x0000000000007743     0x169c ./Driver/Src/stm32f103xx_gpio.o
                                       0x4825 (size before relaxing)
 .debug_str     0x0000000000008ddf       0x2e ./Src/main.o
                                       0x85c1 (size before relaxing)
 .debug_str     0x0000000000008e0d       0x31 ./Startup/startup_stm32f103c8tx.o
                                         0x78 (size before relaxing)

.comment        0x0000000000000000       0x50
 .comment       0x0000000000000000       0x50 ./Driver/Src/SEGGER_RTT.o
                                         0x51 (size before relaxing)
 .comment       0x0000000000000050       0x51 ./Driver/Src/SEGGER_RTT_printf.o
 .comment       0x0000000000000050       0x51 ./Driver/Src/stm32f103xx_gpio.o
 .comment       0x0000000000000050       0x51 ./Src/main.o

.debug_frame    0x0000000000000000      0x80c
 .debug_frame   0x0000000000000000      0x530 ./Driver/Src/SEGGER_RTT.o
 .debug_frame   0x0000000000000530       0xe0 ./Driver/Src/SEGGER_RTT_printf.o
 .debug_frame   0x0000000000000610      0x150 ./Driver/Src/stm32f103xx_gpio.o
 .debug_frame   0x0000000000000760       0x58 ./Src/main.o
 .debug_frame   0x00000000000007b8       0x2c c:/st/stm32cubeide_1.12.1/stm32cubeide/plugins/com.st.stm32cube.ide.mcu.externaltools.gnu-tools-for-stm32.10.3-2021.10.win32_1.0.200.202301161003/tools/bin/../lib/gcc/arm-none-eabi/10.3.1/../../../../arm-none-eabi/lib/thumb/v7-m/nofp\libc_nano.a(lib_a-init.o)
 .debug_frame   0x00000000000007e4       0x28 c:/st/stm32cubeide_1.12.1/stm32cubeide/plugins/com.st.stm32cube.ide.mcu.externaltools.gnu-tools-for-stm32.10.3-2021.10.win32_1.0.200.202301161003/tools/bin/../lib/gcc/arm-none-eabi/10.3.1/../../../../arm-none-eabi/lib/thumb/v7-m/nofp\libc_nano.a(lib_a-memcpy-stub.o)
